AR secuencia_yo maquinadestados1 "D:/OneDrive - Soluciones Marva/Xilinx/Basys2/MaquinaDestados1/MaquinaDestados1_YO.vhd" sub00/vhpl03 1648134175
EN secuencia_yo NULL "D:/OneDrive - Soluciones Marva/Xilinx/Basys2/MaquinaDestados1/MaquinaDestados1_YO.vhd" sub00/vhpl02 1648134174
AR secuencia maquinadestados1 "D:/OneDrive - Soluciones Marva/Xilinx/Basys2/MaquinaDestados1/MaquinaDestados1.vhd" sub00/vhpl01 1648133482
EN secuencia NULL "D:/OneDrive - Soluciones Marva/Xilinx/Basys2/MaquinaDestados1/MaquinaDestados1.vhd" sub00/vhpl00 1648133481
