Microchip MPLAB XC8 Compiler V2.32

Linker command line:

-W-3 --edf=C:\Program Files\Microchip\xc8\v2.32\pic\dat\en_msgs.txt \
  -pivt0x8=08h -cn \
  -h+dist/default/production\AN_LCD_Serial.X.production.sym \
  --cmf=dist/default/production\AN_LCD_Serial.X.production.cmf -z \
  -Q18F57Q84 -oC:\Users\PICTRA~1\AppData\Local\Temp\xcAshug.5 \
  --defsym=__MPLAB_BUILD=1 \
  -Mdist/default/production/AN_LCD_Serial.X.production.map -E1 \
  -ver=XC8 Compiler --acfsm=1493 -ASTACK=06BFh-036FFh -pstack=STACK \
  -ACODE=00h-01FFFFh -ACONST=00h-01FFFFh -ASMALLCONST=03700h-037FFhx457 \
  -AMEDIUMCONST=03700h-0FFFFh,013700h-01FFFFh -ACOMRAM=0501h-055Fh \
  -AABS1=0500h-036FFh -ABIGRAM=0501h-036FFh \
  -ARAM=0560h-05FFh,0600h-06FFhx49 -ABANK5=0560h-05FFh -ABANK6=0600h-06FFh \
  -ABANK7=0700h-07FFh -ABANK8=0800h-08FFh -ABANK9=0900h-09FFh \
  -ABANK10=0A00h-0AFFh -ABANK11=0B00h-0BFFh -ABANK12=0C00h-0CFFh \
  -ABANK13=0D00h-0DFFh -ABANK14=0E00h-0EFFh -ABANK15=0F00h-0FFFh \
  -ABANK16=01000h-010FFh -ABANK17=01100h-011FFh -ABANK18=01200h-012FFh \
  -ABANK19=01300h-013FFh -ABANK20=01400h-014FFh -ABANK21=01500h-015FFh \
  -ABANK22=01600h-016FFh -ABANK23=01700h-017FFh -ABANK24=01800h-018FFh \
  -ABANK25=01900h-019FFh -ABANK26=01A00h-01AFFh -ABANK27=01B00h-01BFFh \
  -ABANK28=01C00h-01CFFh -ABANK29=01D00h-01DFFh -ABANK30=01E00h-01EFFh \
  -ABANK31=01F00h-01FFFh -ABANK32=02000h-020FFh -ABANK33=02100h-021FFh \
  -ABANK34=02200h-022FFh -ABANK35=02300h-023FFh -ABANK36=02400h-024FFh \
  -ABANK37=02500h-025FFh -ABANK38=02600h-026FFh -ABANK39=02700h-027FFh \
  -ABANK40=02800h-028FFh -ABANK41=02900h-029FFh -ABANK42=02A00h-02AFFh \
  -ABANK43=02B00h-02BFFh -ABANK44=02C00h-02CFFh -ABANK45=02D00h-02DFFh \
  -ABANK46=02E00h-02EFFh -ABANK47=02F00h-02FFFh -ABANK48=03000h-030FFh \
  -ABANK49=03100h-031FFh -ABANK50=03200h-032FFh -ABANK51=03300h-033FFh \
  -ABANK52=03400h-034FFh -ABANK53=03500h-035FFh -ABANK54=03600h-036FFh \
  -ASFR=00h-0FFhx4,0400h-045Fh,0460h-04FFh,03700h-037FFhx9 \
  -ACONFIG=0300000h-0300023h -AIDLOC=0200000h-020003Fh \
  -AEEDATA=0380000h-03803FFh -peeprom_data=EEDATA -preset_vec=00h \
  -ppowerup=CODE,init -pramtop=03700h -psmallconst=SMALLCONST \
  -pmediumconst=MEDIUMCONST -pconst=CONST -AFARRAM=00h-00h \
  -prdata=COMRAM,nvrram=COMRAM,nvbit=COMRAM,rbss=COMRAM,rbit=COMRAM \
  -pfarbss=FARRAM,fardata=FARRAM,nvFARRAM=FARRAM \
  -pintsave_regs=BIGRAM,bigbss=BIGRAM,bigdata=BIGRAM -pbss=RAM \
  -pidata=CODE,irdata=CODE,ibigdata=CODE,ifardata=CODE -prparam=COMRAM \
  C:\Users\PICTRA~1\AppData\Local\Temp\xcAshug.o \
  dist/default/production\AN_LCD_Serial.X.production.o 

Object code version is 3.11

Machine type is 18F57Q84



                Name                               Link     Load   Length Selector   Space Scale
C:\Users\PICTRA~1\AppData\Local\Temp\xcAshug.o
                idloc                            200000   200000       40        0       5
                config                           300000   300000       24        0       4
                init                                 1A       1A        4        4       0
                reset_vec                             0        0        4        0       0
dist/default/production\AN_LCD_Serial.X.production.o
                idloc                            200000   200000       40        0       5
                config                           300000   300000       24        0       4
                smallconst                         3700     3700       68     1B80       0
                ivt0x8                                8        8       12        4       0
                text62                             6F5C     6F5C       2C     1BB4       0
                text61                             70F6     70F6        6     1BB4       0
                text60                             7106     7106        2     1BB4       0
                text59                             7104     7104        2     1BB4       0
                text58                             63DC     63DC       C6     1BB4       0
                text57                             6D9A     6D9A       46     1BB4       0
                text56                             6CB4     6CB4       52     1BB4       0
                text55                             70F0     70F0        6     1BB4       0
                text54                             6566     6566       BC     1BB4       0
                text53                             6EFE     6EFE       32     1BB4       0
                text52                             6ECC     6ECC       32     1BB4       0
                text51                             70D8     70D8        E     1BB4       0
                text50                             70CA     70CA        E     1BB4       0
                text49                             70BC     70BC        E     1BB4       0
                text48                             6622     6622       B8     1BB4       0
                text47                             6F30     6F30       2C     1BB4       0
                text46                             7100     7100        4     1BB4       0
                text45                             705E     705E       18     1BB4       0
                text44                             683E     683E       B0     1BB4       0
                text43                             6FDA     6FDA       28     1BB4       0
                text42                             7046     7046       18     1BB4       0
                text41                             7028     7028       1E     1BB4       0
                text40                             70AE     70AE        E     1BB4       0
                text39                             70A0     70A0        E     1BB4       0
                text38                             7092     7092        E     1BB4       0
                text37                             7084     7084        E     1BB4       0
                text36                             7076     7076        E     1BB4       0
                text35                             66DA     66DA       B4     1BB4       0
                text34                             7002     7002       26     1BB4       0
                text33                             5B2E     5B2E      1B4     1BB4       0
                text32                             6F88     6F88       2A     1BB4       0
                text31                             6E94     6E94       38     1BB4       0
                text30                             6C62     6C62       52     1BB4       0
                text29                             5976     5976      1B8     1BB4       0
                text28                             64A2     64A2       C4     1BB4       0
                text27                             678E     678E       B0     1BB4       0
                text26                             53CA     53CA      39A     1BB4       0
                text25                             68EE     68EE       AA     1BB4       0
                text24                             5F4E     5F4E      104     1BB4       0
                text23                             4F7C     4F7C      44E     1BB4       0
                text22                             6E5C     6E5C       38     1BB4       0
                text21                             4ABC     4ABC      4C0     1BB4       0
                text20                             6D54     6D54       46     1BB4       0
                text19                             5E48     5E48      106     1BB4       0
                text18                             6052     6052       FE     1BB4       0
                text17                             5764     5764      212     1BB4       0
                text16                             6B5E     6B5E       5C     1BB4       0
                text15                             70E6     70E6        A     1BB4       0
                text14                             6998     6998       96     1BB4       0
                text13                             6DE0     6DE0       44     1BB4       0
                text12                             6C0E     6C0E       54     1BB4       0
                text11                             6316     6316       C6     1BB4       0
                text10                             6A98     6A98       66     1BB4       0
                text9                              6E24     6E24       38     1BB4       0
                text8                              6AFE     6AFE       60     1BB4       0
                text7                              3768     3768      CAA     1BB4       0
                text6                              6150     6150       FA     1BB4       0
                text5                              4412     4412      6AA     1BB4       0
                text4                              6A2E     6A2E       6A     1BB4       0
                text3                              6FB2     6FB2       28     1BB4       0
                text2                              6BBA     6BBA       54     1BB4       0
                text1                              624A     624A       CC     1BB4       0
                text0                              5CE2     5CE2      166     1BB4       0
                cstackCOMRAM                        501      501       5C      501       1
                cstackBANK5                         5AE      5AE       44      560       1
                cstackBANK6                         6BD      6BD        2      600       1
                bssBANK6                            600      600       AE      600       1
                dataBANK5                           5FC      5FC        4      560       1
                bssBANK5                            560      560       4E      560       1
                bssCOMRAM                           55D      55D        1      501       1
                cinit                              6D06     6D06       4E     1BB4       0
                nvBANK6                             6AE      6AE        F      600       1
                nvBANK5                             5F2      5F2        A      560       1
                idataBANK5                         70FC     70FC        4     1BB4       0

TOTAL           Name                               Link     Load   Length     Space
        CLASS   STACK          

        CLASS   CODE           
                init                                 1A       1A        4         0
                reset_vec                             0        0        4         0
                ivt0x8                                8        8       12         0
                text62                             6F5C     6F5C       2C         0
                text61                             70F6     70F6        6         0
                text60                             7106     7106        2         0
                text59                             7104     7104        2         0
                text58                             63DC     63DC       C6         0
                text57                             6D9A     6D9A       46         0
                text56                             6CB4     6CB4       52         0
                text55                             70F0     70F0        6         0
                text54                             6566     6566       BC         0
                text53                             6EFE     6EFE       32         0
                text52                             6ECC     6ECC       32         0
                text51                             70D8     70D8        E         0
                text50                             70CA     70CA        E         0
                text49                             70BC     70BC        E         0
                text48                             6622     6622       B8         0
                text47                             6F30     6F30       2C         0
                text46                             7100     7100        4         0
                text45                             705E     705E       18         0
                text44                             683E     683E       B0         0
                text43                             6FDA     6FDA       28         0
                text42                             7046     7046       18         0
                text41                             7028     7028       1E         0
                text40                             70AE     70AE        E         0
                text39                             70A0     70A0        E         0
                text38                             7092     7092        E         0
                text37                             7084     7084        E         0
                text36                             7076     7076        E         0
                text35                             66DA     66DA       B4         0
                text34                             7002     7002       26         0
                text33                             5B2E     5B2E      1B4         0
                text32                             6F88     6F88       2A         0
                text31                             6E94     6E94       38         0
                text30                             6C62     6C62       52         0
                text29                             5976     5976      1B8         0
                text28                             64A2     64A2       C4         0
                text27                             678E     678E       B0         0
                text26                             53CA     53CA      39A         0
                text25                             68EE     68EE       AA         0
                text24                             5F4E     5F4E      104         0
                text23                             4F7C     4F7C      44E         0
                text22                             6E5C     6E5C       38         0
                text21                             4ABC     4ABC      4C0         0
                text20                             6D54     6D54       46         0
                text19                             5E48     5E48      106         0
                text18                             6052     6052       FE         0
                text17                             5764     5764      212         0
                text16                             6B5E     6B5E       5C         0
                text15                             70E6     70E6        A         0
                text14                             6998     6998       96         0
                text13                             6DE0     6DE0       44         0
                text12                             6C0E     6C0E       54         0
                text11                             6316     6316       C6         0
                text10                             6A98     6A98       66         0
                text9                              6E24     6E24       38         0
                text8                              6AFE     6AFE       60         0
                text7                              3768     3768      CAA         0
                text6                              6150     6150       FA         0
                text5                              4412     4412      6AA         0
                text4                              6A2E     6A2E       6A         0
                text3                              6FB2     6FB2       28         0
                text2                              6BBA     6BBA       54         0
                text1                              624A     624A       CC         0
                text0                              5CE2     5CE2      166         0
                cinit                              6D06     6D06       4E         0
                idataBANK5                         70FC     70FC        4         0

        CLASS   CONST          

        CLASS   SMALLCONST     
                smallconst                         3700     3700       68         0

        CLASS   MEDIUMCONST    

        CLASS   COMRAM         
                cstackCOMRAM                        501      501       5C         1
                bssCOMRAM                           55D      55D        1         1

        CLASS   ABS1           

        CLASS   BIGRAM         

        CLASS   RAM            

        CLASS   BANK5          
                cstackBANK5                         5AE      5AE       44         1
                dataBANK5                           5FC      5FC        4         1
                bssBANK5                            560      560       4E         1
                nvBANK5                             5F2      5F2        A         1

        CLASS   BANK6          
                cstackBANK6                         6BD      6BD        2         1
                bssBANK6                            600      600       AE         1
                nvBANK6                             6AE      6AE        F         1

        CLASS   BANK7          

        CLASS   BANK8          

        CLASS   BANK9          

        CLASS   BANK10         

        CLASS   BANK11         

        CLASS   BANK12         

        CLASS   BANK13         

        CLASS   BANK14         

        CLASS   BANK15         

        CLASS   BANK16         

        CLASS   BANK17         

        CLASS   BANK18         

        CLASS   BANK19         

        CLASS   BANK20         

        CLASS   BANK21         

        CLASS   BANK22         

        CLASS   BANK23         

        CLASS   BANK24         

        CLASS   BANK25         

        CLASS   BANK26         

        CLASS   BANK27         

        CLASS   BANK28         

        CLASS   BANK29         

        CLASS   BANK30         

        CLASS   BANK31         

        CLASS   BANK32         

        CLASS   BANK33         

        CLASS   BANK34         

        CLASS   BANK35         

        CLASS   BANK36         

        CLASS   BANK37         

        CLASS   BANK38         

        CLASS   BANK39         

        CLASS   BANK40         

        CLASS   BANK41         

        CLASS   BANK42         

        CLASS   BANK43         

        CLASS   BANK44         

        CLASS   BANK45         

        CLASS   BANK46         

        CLASS   BANK47         

        CLASS   BANK48         

        CLASS   BANK49         

        CLASS   BANK50         

        CLASS   BANK51         

        CLASS   BANK52         

        CLASS   BANK53         

        CLASS   BANK54         

        CLASS   SFR            

        CLASS   CONFIG         
                config                           300000   300000       24         4

        CLASS   IDLOC          
                idloc                            200000   200000       40         5

        CLASS   EEDATA         

        CLASS   FARRAM         



SEGMENTS        Name                           Load    Length   Top    Selector   Space  Class

                reset_vec                      000000  000004  000004         0       0  CODE    
                ivt0x8                         000008  000016  00001E         4       0  CODE    
                cstackCOMRAM                   000501  00005D  00055E       501       1  COMRAM  
                bssBANK5                       000560  0000A0  000600       560       1  BANK5   
                bssBANK6                       000600  0000BF  0006BF       600       1  BANK6   
                smallconst                     003700  000068  003768      1B80       0  SMALLCON
                text7                          003768  0039A0  007108      1BB4       0  CODE    


UNUSED ADDRESS RANGES

        Name                Unused          Largest block    Delta
        BANK10           000A00-000AFF              100
        BANK11           000B00-000BFF              100
        BANK12           000C00-000CFF              100
        BANK13           000D00-000DFF              100
        BANK14           000E00-000EFF              100
        BANK15           000F00-000FFF              100
        BANK16           001000-0010FF              100
        BANK17           001100-0011FF              100
        BANK18           001200-0012FF              100
        BANK19           001300-0013FF              100
        BANK20           001400-0014FF              100
        BANK21           001500-0015FF              100
        BANK22           001600-0016FF              100
        BANK23           001700-0017FF              100
        BANK24           001800-0018FF              100
        BANK25           001900-0019FF              100
        BANK26           001A00-001AFF              100
        BANK27           001B00-001BFF              100
        BANK28           001C00-001CFF              100
        BANK29           001D00-001DFF              100
        BANK30           001E00-001EFF              100
        BANK31           001F00-001FFF              100
        BANK32           002000-0020FF              100
        BANK33           002100-0021FF              100
        BANK34           002200-0022FF              100
        BANK35           002300-0023FF              100
        BANK36           002400-0024FF              100
        BANK37           002500-0025FF              100
        BANK38           002600-0026FF              100
        BANK39           002700-0027FF              100
        BANK40           002800-0028FF              100
        BANK41           002900-0029FF              100
        BANK42           002A00-002AFF              100
        BANK43           002B00-002BFF              100
        BANK44           002C00-002CFF              100
        BANK45           002D00-002DFF              100
        BANK46           002E00-002EFF              100
        BANK47           002F00-002FFF              100
        BANK48           003000-0030FF              100
        BANK49           003100-0031FF              100
        BANK50           003200-0032FF              100
        BANK51           003300-0033FF              100
        BANK52           003400-0034FF              100
        BANK53           003500-0035FF              100
        BANK54           003600-0036FF              100
        BANK6            0006BF-0006FF               41
        BANK7            000700-0007FF              100
        BANK8            000800-0008FF              100
        BANK9            000900-0009FF              100
        BIGRAM           00055E-00055F                2
                         0006BF-0036FF             3041
        CODE             000004-000007                4
                         00001E-0036FF             36E2
                         007108-01FFFF            18EF8
        COMRAM           00055E-00055F                2
        CONST            000004-000007                4
                         00001E-0036FF             36E2
                         007108-01FFFF            18EF8
        EEDATA           380000-3803FF              400
        MEDIUMCONST      007108-00FFFF             8EF8
                         013700-01FFFF             C900
        RAM              0006BF-0036FF              100
        SFR              000000-0004FF              100
                         003700-003FFF              100
        SMALLCONST       007108-01FFFF              100
        STACK            0006BF-0036FF             3041

                                  Symbol Table

?_ADC_GetSingleConversion                                 cstackCOMRAM 000502
?___awdiv                                                 cstackCOMRAM 000502
?___awmod                                                 cstackCOMRAM 000502
?___fladd                                                 cstackCOMRAM 000502
?___fldiv                                                 cstackCOMRAM 000502
?___flmul                                                 cstackCOMRAM 000510
?___flneg                                                 cstackCOMRAM 000502
?___flsub                                                 cstackCOMRAM 000529
?___fltol                                                 cstackCOMRAM 000502
?___fpclassifyf                                           cstackCOMRAM 000502
?___wmul                                                  cstackCOMRAM 000502
?___xxtofl                                                cstackCOMRAM 000502
?_atoi                                                    cstackCOMRAM 000509
?_efgtoa                                                  cstackCOMRAM 000535
?_floorf                                                  cstackCOMRAM 00051B
?_isdigit                                                 cstackCOMRAM 000502
?_isspace                                                 cstackCOMRAM 000502
?_isupper                                                 cstackCOMRAM 000502
?_pad                                                     cstackCOMRAM 000514
?_printf                                                  cstackBANK5  0005EC
?_strchr                                                  cstackCOMRAM 000502
?_strlen                                                  cstackCOMRAM 000502
?_strncmp                                                 cstackCOMRAM 000502
?_strstr                                                  cstackCOMRAM 00050D
?_tolower                                                 cstackCOMRAM 000508
?_vfpfcnvrt                                               cstackCOMRAM 000541
?_vfprintf                                                cstackBANK5  0005E6
ADC_GetSingleConversion@channel                           cstackCOMRAM 000506
ADC_SetADIInterruptHandler@InterruptHandler               cstackCOMRAM 000502
ADC_SetActiveClockTuningInterruptHandler@InterruptHandler cstackCOMRAM 000502
ADC_SetContext1ThresholdInterruptHandler@InterruptHandler cstackCOMRAM 000502
IVTBASEH                                                  (abs)        00045E
IVTBASEL                                                  (abs)        00045D
IVTBASEU                                                  (abs)        00045F
PWM1_LoadDutyValue@dutyValue                              cstackCOMRAM 000502
UART1_Read@readValue                                      cstackCOMRAM 000501
UART1_SetErrorHandler@interruptHandler                    cstackCOMRAM 000502
UART1_SetFramingErrorHandler@interruptHandler             cstackCOMRAM 000502
UART1_SetOverrunErrorHandler@interruptHandler             cstackCOMRAM 000502
UART1_SetRxInterruptHandler@InterruptHandler              cstackCOMRAM 000502
UART1_SetTxInterruptHandler@InterruptHandler              cstackCOMRAM 000502
UART1_Write@txData                                        cstackCOMRAM 000502
_ADACCH                                                   (abs)        0003E4
_ADACCL                                                   (abs)        0003E3
_ADACCU                                                   (abs)        0003E5
_ADACQH                                                   (abs)        0003EF
_ADACQL                                                   (abs)        0003EE
_ADACT                                                    (abs)        0003F9
_ADACTPPS                                                 (abs)        000269
_ADCAP                                                    (abs)        0003F0
_ADCLK                                                    (abs)        0003FA
_ADCNT                                                    (abs)        0003E6
_ADCON0                                                   (abs)        0003F3
_ADCON0bits                                               (abs)        0003F3
_ADCON1                                                   (abs)        0003F4
_ADCON1bits                                               (abs)        0003F4
_ADCON2                                                   (abs)        0003F5
_ADCON2bits                                               (abs)        0003F5
_ADCON3                                                   (abs)        0003F6
_ADCON3bits                                               (abs)        0003F6
_ADCP                                                     (abs)        0003D8
_ADCPbits                                                 (abs)        0003D8
_ADCSEL1                                                  (abs)        0003FC
_ADCSEL1bits                                              (abs)        0003FC
_ADCTX                                                    (abs)        0003FB
_ADC_ActiveClockTuning_ISR                                nvBANK5      0005F2
_ADC_Context1Thereshld_ISR                                nvBANK5      0005F5
_ADC_ConversionComplete_ISR                               nvBANK5      0005F8
_ADC_DefaultADI_ISR                                       (abs)        000000
_ADC_DefaultActiveClockTuning_ISR                         (abs)        000000
_ADC_DefaultContext1Threshold_ISR                         (abs)        000000
_ADC_GetSingleConversion                                  text53       006EFE
_ADC_Initialize                                           text48       006622
_ADC_SetADIInterruptHandler                               text51       0070D8
_ADC_SetActiveClockTuningInterruptHandler                 text50       0070CA
_ADC_SetContext1ThresholdInterruptHandler                 text49       0070BC
_ADERRH                                                   (abs)        0003DE
_ADERRL                                                   (abs)        0003DD
_ADFLTRH                                                  (abs)        0003E2
_ADFLTRL                                                  (abs)        0003E1
_ADLTHH                                                   (abs)        0003DA
_ADLTHL                                                   (abs)        0003D9
_ADPCH                                                    (abs)        0003EC
_ADPREH                                                   (abs)        0003F2
_ADPREL                                                   (abs)        0003F1
_ADPREVH                                                  (abs)        0003E9
_ADPREVL                                                  (abs)        0003E8
_ADREF                                                    (abs)        0003F8
_ADRESH                                                   (abs)        0003EB
_ADRESL                                                   (abs)        0003EA
_ADRPT                                                    (abs)        0003E7
_ADSTAT                                                   (abs)        0003F7
_ADSTATbits                                               (abs)        0003F7
_ADSTPTH                                                  (abs)        0003E0
_ADSTPTL                                                  (abs)        0003DF
_ADUTHH                                                   (abs)        0003DC
_ADUTHL                                                   (abs)        0003DB
_ANSELA                                                   (abs)        000400
_ANSELB                                                   (abs)        000408
_ANSELC                                                   (abs)        000410
_ANSELD                                                   (abs)        000418
_ANSELE                                                   (abs)        000420
_ANSELF                                                   (abs)        000428
_CCP1CON                                                  (abs)        000342
_CCP1CONbits                                              (abs)        000342
_CCPR1H                                                   (abs)        000341
_CCPR1L                                                   (abs)        000340
_CCPTMRS0bits                                             (abs)        00034C
_I2C1BAUD                                                 (abs)        00029D
_I2C1CLK                                                  (abs)        00029E
_I2C1CNTH                                                 (abs)        00028D
_I2C1CNTL                                                 (abs)        00028C
_I2C1CON0                                                 (abs)        000294
_I2C1CON0bits                                             (abs)        000294
_I2C1CON1                                                 (abs)        000295
_I2C1CON1bits                                             (abs)        000295
_I2C1CON2                                                 (abs)        000296
_I2C1ERR                                                  (abs)        000297
_I2C1ERRbits                                              (abs)        000297
_I2C1PIE                                                  (abs)        00029B
_I2C1PIEbits                                              (abs)        00029B
_I2C1PIR                                                  (abs)        00029A
_I2C1PIRbits                                              (abs)        00029A
_I2C1RXB                                                  (abs)        00028A
_I2C1SCLPPS                                               (abs)        000271
_I2C1SDAPPS                                               (abs)        000270
_I2C1STAT1bits                                            (abs)        000299
_I2C1TXB                                                  (abs)        00028B
_I2C1_CallbackReturnReset                                 (abs)        000000
_I2C1_CallbackReturnStop                                  (abs)        000000
_I2C1_DO_ADDRESS_NACK                                     (abs)        000000
_I2C1_DO_BUS_COLLISION                                    (abs)        000000
_I2C1_DO_BUS_ERROR                                        (abs)        000000
_I2C1_DO_IDLE                                             (abs)        000000
_I2C1_DO_RESET                                            (abs)        000000
_I2C1_DO_RX                                               (abs)        000000
_I2C1_DO_RX_ACK                                           (abs)        000000
_I2C1_DO_RX_EMPTY                                         (abs)        000000
_I2C1_DO_RX_NACK_RESTART                                  (abs)        000000
_I2C1_DO_RX_NACK_STOP                                     (abs)        000000
_I2C1_DO_SEND_ADR_READ                                    (abs)        000000
_I2C1_DO_SEND_ADR_WRITE                                   (abs)        000000
_I2C1_DO_SEND_RESTART                                     (abs)        000000
_I2C1_DO_SEND_RESTART_READ                                (abs)        000000
_I2C1_DO_SEND_RESTART_WRITE                               (abs)        000000
_I2C1_DO_SEND_STOP                                        (abs)        000000
_I2C1_DO_TX                                               (abs)        000000
_I2C1_DO_TX_ACK                                           (abs)        000000
_I2C1_DO_TX_EMPTY                                         (abs)        000000
_I2C1_Initialize                                          text47       006F30
_I2C1_Status                                              bssBANK5     000560
_INLVLA                                                   (abs)        000404
_INLVLB                                                   (abs)        00040C
_INLVLC                                                   (abs)        000414
_INLVLD                                                   (abs)        00041C
_INLVLE                                                   (abs)        000424
_INLVLF                                                   (abs)        00042C
_INTCON0bits                                              (abs)        0004D6
_INTERRUPT_Initialize                                     text46       007100
_INTERRUPT_InterruptManager                               text54       006566
_LATA                                                     (abs)        0004BE
_LATB                                                     (abs)        0004BF
_LATC                                                     (abs)        0004C0
_LATD                                                     (abs)        0004C1
_LATE                                                     (abs)        0004C2
_LATEbits                                                 (abs)        0004C2
_LATF                                                     (abs)        0004C3
_LATFbits                                                 (abs)        0004C3
_LCD_INIT_STRING                                          smallconst   00373A
_ODCONA                                                   (abs)        000402
_ODCONB                                                   (abs)        00040A
_ODCONC                                                   (abs)        000412
_ODCOND                                                   (abs)        00041A
_ODCONE                                                   (abs)        000422
_ODCONF                                                   (abs)        00042A
_OSCCON1                                                  (abs)        0000AD
_OSCCON3                                                  (abs)        0000AF
_OSCEN                                                    (abs)        0000B3
_OSCFRQ                                                   (abs)        0000B1
_OSCILLATOR_Initialize                                    text45       00705E
_OSCTUNE                                                  (abs)        0000B0
_PIE4bits                                                 (abs)        0004A2
_PIE7bits                                                 (abs)        0004A5
_PIN_MANAGER_Initialize                                   text44       00683E
_PIR1bits                                                 (abs)        0004AF
_PIR2bits                                                 (abs)        0004B0
_PIR3bits                                                 (abs)        0004B1
_PIR4bits                                                 (abs)        0004B2
_PIR7bits                                                 (abs)        0004B5
_PMD0                                                     (abs)        000060
_PMD1                                                     (abs)        000061
_PMD2                                                     (abs)        000062
_PMD3                                                     (abs)        000063
_PMD4                                                     (abs)        000064
_PMD5                                                     (abs)        000065
_PMD6                                                     (abs)        000066
_PMD7                                                     (abs)        000067
_PMD8                                                     (abs)        000068
_PMD_Initialize                                           text43       006FDA
_PR2                                                      (abs)        000323
_PWM1_Initialize                                          text42       007046
_PWM1_LoadDutyValue                                       text52       006ECC
_RB1PPS                                                   (abs)        00020A
_RB2PPS                                                   (abs)        00020B
_RF0PPS                                                   (abs)        000229
_RF2PPS                                                   (abs)        00022B
_SLRCONA                                                  (abs)        000403
_SLRCONB                                                  (abs)        00040B
_SLRCONC                                                  (abs)        000413
_SLRCOND                                                  (abs)        00041B
_SLRCONE                                                  (abs)        000423
_SLRCONF                                                  (abs)        00042B
_SYSTEM_Initialize                                        text34       007002
_T2CLKCON                                                 (abs)        000326
_T2CON                                                    (abs)        000324
_T2CONbits                                                (abs)        000324
_T2HLT                                                    (abs)        000325
_T2HLTbits                                                (abs)        000325
_T2PR                                                     (abs)        000323
_T2RST                                                    (abs)        000327
_T2RSTbits                                                (abs)        000327
_T2TMR                                                    (abs)        000322
_TMR2                                                     (abs)        000322
_TMR2_Initialize                                          text41       007028
_TRISA                                                    (abs)        0004C6
_TRISB                                                    (abs)        0004C7
_TRISC                                                    (abs)        0004C8
_TRISD                                                    (abs)        0004C9
_TRISE                                                    (abs)        0004CA
_TRISF                                                    (abs)        0004CB
_U1BRGH                                                   (abs)        0002AF
_U1BRGL                                                   (abs)        0002AE
_U1CON0                                                   (abs)        0002AB
_U1CON1                                                   (abs)        0002AC
_U1CON2                                                   (abs)        0002AD
_U1ERRIE                                                  (abs)        0002B3
_U1ERRIR                                                  (abs)        0002B2
_U1ERRIRbits                                              (abs)        0002B2
_U1FIFO                                                   (abs)        0002B0
_U1P1H                                                    (abs)        0002A6
_U1P1L                                                    (abs)        0002A5
_U1P2H                                                    (abs)        0002A8
_U1P2L                                                    (abs)        0002A7
_U1P3H                                                    (abs)        0002AA
_U1P3L                                                    (abs)        0002A9
_U1RXB                                                    (abs)        0002A1
_U1RXPPS                                                  (abs)        000272
_U1TXB                                                    (abs)        0002A3
_U1UIR                                                    (abs)        0002B1
_UART1_DefaultErrorHandler                                text61       0070F6
_UART1_DefaultFramingErrorHandler                         text60       007106
_UART1_DefaultOverrunErrorHandler                         text59       007104
_UART1_ErrorHandler                                       nvBANK6      0006AE
_UART1_FramingErrorHandler                                nvBANK6      0006B4
_UART1_Initialize                                         text35       0066DA
_UART1_OverrunErrorHandler                                nvBANK6      0006B1
_UART1_Read                                               text56       006CB4
_UART1_Receive_ISR                                        text58       0063DC
_UART1_RxDataHandler                                      text62       006F5C
_UART1_RxInterruptHandler                                 nvBANK6      0006BA
_UART1_SetErrorHandler                                    text40       0070AE
_UART1_SetFramingErrorHandler                             text39       0070A0
_UART1_SetOverrunErrorHandler                             text38       007092
_UART1_SetRxInterruptHandler                              text37       007084
_UART1_SetTxInterruptHandler                              text36       007076
_UART1_Transmit_ISR                                       text57       006D9A
_UART1_TxInterruptHandler                                 nvBANK6      0006B7
_UART1_Write                                              text16       006B5E
_V                                                        bssBANK5     000596
_WPUA                                                     (abs)        000401
_WPUB                                                     (abs)        000409
_WPUC                                                     (abs)        000411
_WPUD                                                     (abs)        000419
_WPUE                                                     (abs)        000421
_WPUF                                                     (abs)        000429
__HRAM                                                    (abs)        000000
__Habs1                                                   abs1         000000
__Hbank10                                                 bank10       000000
__Hbank11                                                 bank11       000000
__Hbank12                                                 bank12       000000
__Hbank13                                                 bank13       000000
__Hbank14                                                 bank14       000000
__Hbank15                                                 bank15       000000
__Hbank16                                                 bank16       000000
__Hbank17                                                 bank17       000000
__Hbank18                                                 bank18       000000
__Hbank19                                                 bank19       000000
__Hbank20                                                 bank20       000000
__Hbank21                                                 bank21       000000
__Hbank22                                                 bank22       000000
__Hbank23                                                 bank23       000000
__Hbank24                                                 bank24       000000
__Hbank25                                                 bank25       000000
__Hbank26                                                 bank26       000000
__Hbank27                                                 bank27       000000
__Hbank28                                                 bank28       000000
__Hbank29                                                 bank29       000000
__Hbank30                                                 bank30       000000
__Hbank31                                                 bank31       000000
__Hbank32                                                 bank32       000000
__Hbank33                                                 bank33       000000
__Hbank34                                                 bank34       000000
__Hbank35                                                 bank35       000000
__Hbank36                                                 bank36       000000
__Hbank37                                                 bank37       000000
__Hbank38                                                 bank38       000000
__Hbank39                                                 bank39       000000
__Hbank40                                                 bank40       000000
__Hbank41                                                 bank41       000000
__Hbank42                                                 bank42       000000
__Hbank43                                                 bank43       000000
__Hbank44                                                 bank44       000000
__Hbank45                                                 bank45       000000
__Hbank46                                                 bank46       000000
__Hbank47                                                 bank47       000000
__Hbank48                                                 bank48       000000
__Hbank49                                                 bank49       000000
__Hbank5                                                  bank5        000000
__Hbank50                                                 bank50       000000
__Hbank51                                                 bank51       000000
__Hbank52                                                 bank52       000000
__Hbank53                                                 bank53       000000
__Hbank54                                                 bank54       000000
__Hbank6                                                  bank6        000000
__Hbank7                                                  bank7        000000
__Hbank8                                                  bank8        000000
__Hbank9                                                  bank9        000000
__Hbigbss                                                 bigbss       000000
__Hbigdata                                                bigdata      000000
__Hbigram                                                 bigram       000000
__Hbss                                                    bss          000000
__HbssBANK5                                               bssBANK5     000000
__HbssBANK6                                               bssBANK6     000000
__HbssCOMRAM                                              bssCOMRAM    000000
__Hcinit                                                  cinit        000000
__Hclrtext                                                clrtext      000000
__Hcomram                                                 comram       000000
__Hconfig                                                 config       300024
__Hconst                                                  const        000000
__HcstackBANK5                                            cstackBANK5  000000
__HcstackBANK6                                            cstackBANK6  000000
__HcstackCOMRAM                                           cstackCOMRAM 000000
__Hdata                                                   data         000000
__HdataBANK5                                              dataBANK5    000000
__Heeprom_data                                            eeprom_data  000000
__Hfarbss                                                 farbss       000000
__Hfardata                                                fardata      000000
__Hibigdata                                               ibigdata     000000
__Hidata                                                  idata        000000
__HidataBANK5                                             idataBANK5   000000
__Hidloc                                                  idloc        200040
__Hifardata                                               ifardata     000000
__Hinit                                                   init         00001E
__Hintsave_regs                                           intsave_regs 000000
__Hirdata                                                 irdata       000000
__Hivt0x8                                                 ivt0x8       00001A
__Hmediumconst                                            mediumconst  000000
__HnvBANK5                                                nvBANK5      000000
__HnvBANK6                                                nvBANK6      000000
__HnvFARRAM                                               nvFARRAM     000000
__Hnvbit                                                  nvbit        000000
__Hnvrram                                                 nvrram       000000
__Hparam                                                  rparam       000000
__Hpowerup                                                powerup      000000
__Hram                                                    ram          000000
__Hramtop                                                 ramtop       003700
__Hrbit                                                   rbit         000000
__Hrbss                                                   rbss         000000
__Hrdata                                                  rdata        000000
__Hreset_vec                                              reset_vec    000004
__Hrparam                                                 rparam       000000
__Hsfr                                                    sfr          000000
__Hsmallconst                                             smallconst   003768
__Hspace_0                                                (abs)        007108
__Hspace_1                                                (abs)        0006BF
__Hspace_2                                                (abs)        000000
__Hspace_4                                                (abs)        600024
__Hstack                                                  stack        000000
__Hstruct                                                 struct       000000
__Htemp                                                   temp         000000
__Htext                                                   text         000000
__Htext0                                                  text0        000000
__Htext1                                                  text1        000000
__Htext10                                                 text10       000000
__Htext11                                                 text11       000000
__Htext12                                                 text12       000000
__Htext13                                                 text13       000000
__Htext14                                                 text14       000000
__Htext15                                                 text15       000000
__Htext16                                                 text16       000000
__Htext17                                                 text17       000000
__Htext18                                                 text18       000000
__Htext19                                                 text19       000000
__Htext2                                                  text2        000000
__Htext20                                                 text20       000000
__Htext21                                                 text21       000000
__Htext22                                                 text22       000000
__Htext23                                                 text23       000000
__Htext24                                                 text24       000000
__Htext25                                                 text25       000000
__Htext26                                                 text26       000000
__Htext27                                                 text27       000000
__Htext28                                                 text28       000000
__Htext29                                                 text29       000000
__Htext3                                                  text3        000000
__Htext30                                                 text30       000000
__Htext31                                                 text31       000000
__Htext32                                                 text32       000000
__Htext33                                                 text33       000000
__Htext34                                                 text34       000000
__Htext35                                                 text35       000000
__Htext36                                                 text36       000000
__Htext37                                                 text37       000000
__Htext38                                                 text38       000000
__Htext39                                                 text39       000000
__Htext4                                                  text4        000000
__Htext40                                                 text40       000000
__Htext41                                                 text41       000000
__Htext42                                                 text42       000000
__Htext43                                                 text43       000000
__Htext44                                                 text44       000000
__Htext45                                                 text45       000000
__Htext46                                                 text46       000000
__Htext47                                                 text47       000000
__Htext48                                                 text48       000000
__Htext49                                                 text49       000000
__Htext5                                                  text5        000000
__Htext50                                                 text50       000000
__Htext51                                                 text51       000000
__Htext52                                                 text52       000000
__Htext53                                                 text53       000000
__Htext54                                                 text54       000000
__Htext55                                                 text55       000000
__Htext56                                                 text56       000000
__Htext57                                                 text57       000000
__Htext58                                                 text58       000000
__Htext59                                                 text59       000000
__Htext6                                                  text6        000000
__Htext60                                                 text60       000000
__Htext61                                                 text61       000000
__Htext62                                                 text62       000000
__Htext63                                                 text63       000000
__Htext7                                                  text7        000000
__Htext8                                                  text8        000000
__Htext9                                                  text9        000000
__LRAM                                                    (abs)        000001
__Labs1                                                   abs1         000000
__Lbank10                                                 bank10       000000
__Lbank11                                                 bank11       000000
__Lbank12                                                 bank12       000000
__Lbank13                                                 bank13       000000
__Lbank14                                                 bank14       000000
__Lbank15                                                 bank15       000000
__Lbank16                                                 bank16       000000
__Lbank17                                                 bank17       000000
__Lbank18                                                 bank18       000000
__Lbank19                                                 bank19       000000
__Lbank20                                                 bank20       000000
__Lbank21                                                 bank21       000000
__Lbank22                                                 bank22       000000
__Lbank23                                                 bank23       000000
__Lbank24                                                 bank24       000000
__Lbank25                                                 bank25       000000
__Lbank26                                                 bank26       000000
__Lbank27                                                 bank27       000000
__Lbank28                                                 bank28       000000
__Lbank29                                                 bank29       000000
__Lbank30                                                 bank30       000000
__Lbank31                                                 bank31       000000
__Lbank32                                                 bank32       000000
__Lbank33                                                 bank33       000000
__Lbank34                                                 bank34       000000
__Lbank35                                                 bank35       000000
__Lbank36                                                 bank36       000000
__Lbank37                                                 bank37       000000
__Lbank38                                                 bank38       000000
__Lbank39                                                 bank39       000000
__Lbank40                                                 bank40       000000
__Lbank41                                                 bank41       000000
__Lbank42                                                 bank42       000000
__Lbank43                                                 bank43       000000
__Lbank44                                                 bank44       000000
__Lbank45                                                 bank45       000000
__Lbank46                                                 bank46       000000
__Lbank47                                                 bank47       000000
__Lbank48                                                 bank48       000000
__Lbank49                                                 bank49       000000
__Lbank5                                                  bank5        000000
__Lbank50                                                 bank50       000000
__Lbank51                                                 bank51       000000
__Lbank52                                                 bank52       000000
__Lbank53                                                 bank53       000000
__Lbank54                                                 bank54       000000
__Lbank6                                                  bank6        000000
__Lbank7                                                  bank7        000000
__Lbank8                                                  bank8        000000
__Lbank9                                                  bank9        000000
__Lbigbss                                                 bigbss       000000
__Lbigdata                                                bigdata      000000
__Lbigram                                                 bigram       000000
__Lbss                                                    bss          000000
__LbssBANK5                                               bssBANK5     000000
__LbssBANK6                                               bssBANK6     000000
__LbssCOMRAM                                              bssCOMRAM    000000
__Lcinit                                                  cinit        000000
__Lclrtext                                                clrtext      000000
__Lcomram                                                 comram       000000
__Lconfig                                                 config       000000
__Lconst                                                  const        000000
__LcstackBANK5                                            cstackBANK5  000000
__LcstackBANK6                                            cstackBANK6  000000
__LcstackCOMRAM                                           cstackCOMRAM 000000
__Ldata                                                   data         000000
__LdataBANK5                                              dataBANK5    000000
__Leeprom_data                                            eeprom_data  000000
__Lfarbss                                                 farbss       000000
__Lfardata                                                fardata      000000
__Libigdata                                               ibigdata     000000
__Lidata                                                  idata        000000
__LidataBANK5                                             idataBANK5   000000
__Lidloc                                                  idloc        000000
__Lifardata                                               ifardata     000000
__Linit                                                   init         00001A
__Lintsave_regs                                           intsave_regs 000000
__Lirdata                                                 irdata       000000
__Livt0x8                                                 ivt0x8       000008
__Lmediumconst                                            mediumconst  000000
__LnvBANK5                                                nvBANK5      000000
__LnvBANK6                                                nvBANK6      000000
__LnvFARRAM                                               nvFARRAM     000000
__Lnvbit                                                  nvbit        000000
__Lnvrram                                                 nvrram       000000
__Lparam                                                  rparam       000000
__Lpowerup                                                powerup      000000
__Lram                                                    ram          000000
__Lramtop                                                 ramtop       003700
__Lrbit                                                   rbit         000000
__Lrbss                                                   rbss         000000
__Lrdata                                                  rdata        000000
__Lreset_vec                                              reset_vec    000000
__Lrparam                                                 rparam       000000
__Lsfr                                                    sfr          000000
__Lsmallconst                                             smallconst   003700
__Lspace_0                                                (abs)        000000
__Lspace_1                                                (abs)        000000
__Lspace_2                                                (abs)        000000
__Lspace_4                                                (abs)        000000
__Lstack                                                  stack        000000
__Lstruct                                                 struct       000000
__Ltemp                                                   temp         000000
__Ltext                                                   text         000000
__Ltext0                                                  text0        000000
__Ltext1                                                  text1        000000
__Ltext10                                                 text10       000000
__Ltext11                                                 text11       000000
__Ltext12                                                 text12       000000
__Ltext13                                                 text13       000000
__Ltext14                                                 text14       000000
__Ltext15                                                 text15       000000
__Ltext16                                                 text16       000000
__Ltext17                                                 text17       000000
__Ltext18                                                 text18       000000
__Ltext19                                                 text19       000000
__Ltext2                                                  text2        000000
__Ltext20                                                 text20       000000
__Ltext21                                                 text21       000000
__Ltext22                                                 text22       000000
__Ltext23                                                 text23       000000
__Ltext24                                                 text24       000000
__Ltext25                                                 text25       000000
__Ltext26                                                 text26       000000
__Ltext27                                                 text27       000000
__Ltext28                                                 text28       000000
__Ltext29                                                 text29       000000
__Ltext3                                                  text3        000000
__Ltext30                                                 text30       000000
__Ltext31                                                 text31       000000
__Ltext32                                                 text32       000000
__Ltext33                                                 text33       000000
__Ltext34                                                 text34       000000
__Ltext35                                                 text35       000000
__Ltext36                                                 text36       000000
__Ltext37                                                 text37       000000
__Ltext38                                                 text38       000000
__Ltext39                                                 text39       000000
__Ltext4                                                  text4        000000
__Ltext40                                                 text40       000000
__Ltext41                                                 text41       000000
__Ltext42                                                 text42       000000
__Ltext43                                                 text43       000000
__Ltext44                                                 text44       000000
__Ltext45                                                 text45       000000
__Ltext46                                                 text46       000000
__Ltext47                                                 text47       000000
__Ltext48                                                 text48       000000
__Ltext49                                                 text49       000000
__Ltext5                                                  text5        000000
__Ltext50                                                 text50       000000
__Ltext51                                                 text51       000000
__Ltext52                                                 text52       000000
__Ltext53                                                 text53       000000
__Ltext54                                                 text54       000000
__Ltext55                                                 text55       000000
__Ltext56                                                 text56       000000
__Ltext57                                                 text57       000000
__Ltext58                                                 text58       000000
__Ltext59                                                 text59       000000
__Ltext6                                                  text6        000000
__Ltext60                                                 text60       000000
__Ltext61                                                 text61       000000
__Ltext62                                                 text62       000000
__Ltext63                                                 text63       000000
__Ltext7                                                  text7        000000
__Ltext8                                                  text8        000000
__Ltext9                                                  text9        000000
__S0                                                      (abs)        007108
__S1                                                      (abs)        0006BF
__S2                                                      (abs)        000000
__S4                                                      (abs)        000000
__S5                                                      (abs)        000000
___awdiv                                                  text28       0064A2
___awdiv@counter                                          cstackCOMRAM 000506
___awdiv@dividend                                         cstackCOMRAM 000502
___awdiv@divisor                                          cstackCOMRAM 000504
___awdiv@quotient                                         cstackCOMRAM 000508
___awdiv@sign                                             cstackCOMRAM 000507
___awmod                                                  text27       00678E
___awmod@counter                                          cstackCOMRAM 000506
___awmod@dividend                                         cstackCOMRAM 000502
___awmod@divisor                                          cstackCOMRAM 000504
___awmod@sign                                             cstackCOMRAM 000507
___fladd                                                  text21       004ABC
___fladd@a                                                cstackCOMRAM 000506
___fladd@aexp                                             cstackCOMRAM 00050F
___fladd@b                                                cstackCOMRAM 000502
___fladd@bexp                                             cstackCOMRAM 000510
___fladd@grs                                              cstackCOMRAM 000511
___fladd@signs                                            cstackCOMRAM 00050E
___fldiv                                                  text26       0053CA
___fldiv@a                                                cstackCOMRAM 000506
___fldiv@aexp                                             cstackCOMRAM 00051A
___fldiv@b                                                cstackCOMRAM 000502
___fldiv@bexp                                             cstackCOMRAM 000519
___fldiv@grs                                              cstackCOMRAM 000515
___fldiv@new_exp                                          cstackCOMRAM 000513
___fldiv@rem                                              cstackCOMRAM 00050E
___fldiv@sign                                             cstackCOMRAM 000512
___fleq                                                   text25       0068EE
___fleq@ff1                                               cstackCOMRAM 000502
___fleq@ff2                                               cstackCOMRAM 000506
___flge                                                   text24       005F4E
___flge@ff1                                               cstackCOMRAM 000529
___flge@ff2                                               cstackCOMRAM 00052D
___flmul                                                  text23       004F7C
___flmul@a                                                cstackCOMRAM 000514
___flmul@aexp                                             cstackCOMRAM 00051D
___flmul@b                                                cstackCOMRAM 000510
___flmul@bexp                                             cstackCOMRAM 000522
___flmul@grs                                              cstackCOMRAM 00051E
___flmul@prod                                             cstackCOMRAM 000523
___flmul@sign                                             cstackCOMRAM 00051C
___flmul@temp                                             cstackCOMRAM 000527
___flneg                                                  text22       006E5C
___flneg@f1                                               cstackCOMRAM 000502
___flsub                                                  text20       006D54
___flsub@a                                                cstackCOMRAM 00052D
___flsub@b                                                cstackCOMRAM 000529
___fltol                                                  text19       005E48
___fltol@exp1                                             cstackCOMRAM 00050B
___fltol@f1                                               cstackCOMRAM 000502
___fltol@sign1                                            cstackCOMRAM 00050A
___fpclassifyf                                            text18       006052
___fpclassifyf@F465                                       bssBANK5     00058E
___fpclassifyf@e                                          cstackCOMRAM 00050A
___fpclassifyf@u                                          cstackCOMRAM 00050C
___fpclassifyf@x                                          cstackCOMRAM 000502
___inthi_sp                                               stack        000000
___intlo_sp                                               stack        000000
___param_bank                                             (abs)        000000
___rparam_used                                            (abs)        000001
___sp                                                     stack        000000
___wmul                                                   text32       006F88
___wmul@multiplicand                                      cstackCOMRAM 000504
___wmul@multiplier                                        cstackCOMRAM 000502
___wmul@product                                           cstackCOMRAM 000506
___xxtofl                                                 text33       005B2E
___xxtofl@arg                                             cstackCOMRAM 00050C
___xxtofl@exp                                             cstackCOMRAM 00050B
___xxtofl@sign                                            cstackCOMRAM 00050A
___xxtofl@val                                             cstackCOMRAM 000502
__accesstop                                               (abs)        000560
__activetblptr                                            (abs)        000003
__end_of_ADC_GetSingleConversion                          text53       006F30
__end_of_ADC_Initialize                                   text48       0066DA
__end_of_ADC_SetADIInterruptHandler                       text51       0070E6
__end_of_ADC_SetActiveClockTuningInterruptHandler         text50       0070D8
__end_of_ADC_SetContext1ThresholdInterruptHandler         text49       0070CA
__end_of_I2C1_Initialize                                  text47       006F5C
__end_of_INTERRUPT_Initialize                             text46       007104
__end_of_INTERRUPT_InterruptManager                       text54       006622
__end_of_LCD_INIT_STRING                                  smallconst   00373E
__end_of_OSCILLATOR_Initialize                            text45       007076
__end_of_PIN_MANAGER_Initialize                           text44       0068EE
__end_of_PMD_Initialize                                   text43       007002
__end_of_PWM1_Initialize                                  text42       00705E
__end_of_PWM1_LoadDutyValue                               text52       006EFE
__end_of_SYSTEM_Initialize                                text34       007028
__end_of_TMR2_Initialize                                  text41       007046
__end_of_UART1_DefaultErrorHandler                        text61       0070FC
__end_of_UART1_DefaultFramingErrorHandler                 text60       007108
__end_of_UART1_DefaultOverrunErrorHandler                 text59       007106
__end_of_UART1_Initialize                                 text35       00678E
__end_of_UART1_Read                                       text56       006D06
__end_of_UART1_Receive_ISR                                text58       0064A2
__end_of_UART1_RxDataHandler                              text62       006F88
__end_of_UART1_SetErrorHandler                            text40       0070BC
__end_of_UART1_SetFramingErrorHandler                     text39       0070AE
__end_of_UART1_SetOverrunErrorHandler                     text38       0070A0
__end_of_UART1_SetRxInterruptHandler                      text37       007092
[...]
_bufferRx                                                 bssBANK6     0006A4
_contador                                                 bssBANK5     0005A6
_contadorRx                                               bssBANK5     0005A7
_dbuf                                                     bssBANK6     000654
_efgtoa                                                   text7        003768
_efgtoa$3035                                              cstackBANK5  0005AE
_efgtoa$3036                                              cstackBANK5  0005B0
_efgtoa$3041                                              cstackBANK5  0005B2
_efgtoa$3045                                              cstackBANK5  0005B4
_efgtoa$3046                                              cstackBANK5  0005B6
_efgtoa$3047                                              cstackBANK5  0005B8
_flags                                                    bssBANK5     0005A0
_floorf                                                   text17       005764
_fputc                                                    text14       006998
_fputs                                                    text13       006DE0
_g_LcdX                                                   bssBANK5     0005A5
_g_LcdY                                                   bssBANK5     0005A4
_getch                                                    text55       0070F0
_i2c1_fsmStateTable                                       smallconst   003701
_isdigit                                                  text31       006E94
_isspace                                                  text30       006C62
_isspace$3131                                             cstackCOMRAM 000508
_isupper                                                  text9        006E24
_lecturaADC                                               bssBANK5     0005A2
_mV                                                       dataBANK5    0005FC
_main                                                     text0        005CE2
_nout                                                     bssBANK5     00059A
_pad                                                      text11       006316
_prec                                                     bssBANK5     00059E
_printf                                                   text3        006FB2
_putch                                                    text15       0070E6
_rd1RegCompleteHandler                                    (abs)        000000
_rd2RegCompleteHandler                                    (abs)        000000
_rdBlkRegCompleteHandler                                  (abs)        000000
_serialRX                                                 bssBANK5     0005A8
_strchr                                                   text2        006BBA
_strcpy                                                   text10       006A98
_strlen                                                   text12       006C0E
_strncmp                                                  text6        006150
_strstr                                                   text1        00624A
_temperatura                                              bssBANK5     000592
_tolower                                                  text8        006AFE
_tolower$3204                                             cstackCOMRAM 00050E
_uart1RxBuffer                                            bssBANK6     000644
_uart1RxCount                                             bssBANK5     0005AA
_uart1RxHead                                              bssCOMRAM    00055D
_uart1RxLastError                                         bssBANK5     0005A9
_uart1RxStatusBuffer                                      bssBANK6     00063C
_uart1RxTail                                              bssBANK5     0005AB
_uart1TxBuffer                                            bssBANK6     00064C
_uart1TxBufferRemaining                                   nvBANK5      0005FB
_uart1TxHead                                              bssBANK5     0005AD
_uart1TxTail                                              bssBANK5     0005AC
_vfpfcnvrt                                                text5        004412
_vfpfcnvrt$3061                                           cstackCOMRAM 00054B
_vfpfcnvrt$3062                                           cstackCOMRAM 00054D
_vfpfcnvrt$3066                                           cstackCOMRAM 00054F
_vfprintf                                                 text4        006A2E
_width                                                    bssBANK5     00059C
_wr1RegCompleteHandler                                    (abs)        000000
_wr2RegCompleteHandler                                    (abs)        000000
atoi@n                                                    cstackCOMRAM 000516
atoi@neg                                                  cstackCOMRAM 00050F
atoi@s                                                    cstackCOMRAM 000509
efgtoa@c                                                  cstackCOMRAM 00053B
efgtoa@d                                                  cstackBANK5  0005C6
efgtoa@e                                                  cstackBANK5  0005DE
efgtoa@f                                                  cstackCOMRAM 000537
efgtoa@fp                                                 cstackCOMRAM 000535
efgtoa@g                                                  cstackBANK5  0005DA
efgtoa@h                                                  cstackBANK5  0005D0
efgtoa@i                                                  cstackBANK5  0005D8
efgtoa@l                                                  cstackBANK5  0005D4
efgtoa@m                                                  cstackBANK5  0005C0
efgtoa@mode                                               cstackBANK5  0005CF
efgtoa@n                                                  cstackBANK5  0005E0
efgtoa@ne                                                 cstackBANK5  0005BE
efgtoa@nmode                                              cstackBANK5  0005CE
efgtoa@ou                                                 cstackBANK5  0005C2
efgtoa@p                                                  cstackBANK5  0005CA
efgtoa@pp                                                 cstackBANK5  0005BC
efgtoa@sign                                               cstackBANK5  0005C8
efgtoa@t                                                  cstackBANK5  0005BA
efgtoa@u                                                  cstackBANK5  0005E2
efgtoa@w                                                  cstackBANK5  0005CC
end_of_initialization                                     cinit        006D4E
floorf@F527                                               bssBANK5     00058A
floorf@e                                                  cstackCOMRAM 000529
floorf@m                                                  cstackCOMRAM 000525
floorf@u                                                  cstackCOMRAM 00052B
floorf@x                                                  cstackCOMRAM 00051B
fputc@c                                                   cstackCOMRAM 000504
fputc@fp                                                  cstackCOMRAM 000506
fputs@c                                                   cstackCOMRAM 000511
fputs@fp                                                  cstackCOMRAM 00050F
fputs@i                                                   cstackCOMRAM 000512
fputs@s                                                   cstackCOMRAM 00050D
intlevel0                                                 text         000000
intlevel1                                                 text         000000
intlevel2                                                 text         000000
intlevel3                                                 text         000000
isa$std                                                   (abs)        000001
isa$xinst                                                 (abs)        000000
isdigit@c                                                 cstackCOMRAM 000502
isspace@c                                                 cstackCOMRAM 000502
isupper@c                                                 cstackCOMRAM 000502
ivt0x8_base                                               ivt0x8       000008
pad@buf                                                   cstackCOMRAM 000516
pad@fp                                                    cstackCOMRAM 000514
pad@i                                                     cstackCOMRAM 00051B
pad@p                                                     cstackCOMRAM 000518
pad@w                                                     cstackCOMRAM 00051D
printf@ap                                                 cstackCOMRAM 00055B
printf@fmt                                                cstackBANK5  0005EC
putch@txData                                              cstackCOMRAM 000503
stackhi                                                   (abs)        0036FF
stacklo                                                   (abs)        0006BF
start                                                     init         00001A
start_initialization                                      cinit        006D06
strchr@c                                                  cstackCOMRAM 000504
strchr@s                                                  cstackCOMRAM 000502
strcpy@d                                                  cstackCOMRAM 00050A
strcpy@dest                                               cstackCOMRAM 000502
strcpy@s                                                  cstackCOMRAM 000508
strcpy@src                                                cstackCOMRAM 000504
strlen@a                                                  cstackCOMRAM 000504
strlen@s                                                  cstackCOMRAM 000502
strncmp@_l                                                cstackCOMRAM 000502
strncmp@_r                                                cstackCOMRAM 000504
strncmp@l                                                 cstackCOMRAM 000509
strncmp@n                                                 cstackCOMRAM 000506
strncmp@r                                                 cstackCOMRAM 00050B
strstr@h                                                  cstackCOMRAM 00050D
strstr@n                                                  cstackCOMRAM 00050F
strstr@nl                                                 cstackCOMRAM 000511
tolower@c                                                 cstackCOMRAM 000508
vfpfcnvrt@ap                                              cstackCOMRAM 000545
vfpfcnvrt@c                                               cstackCOMRAM 000558
vfpfcnvrt@ct                                              cstackCOMRAM 000555
vfpfcnvrt@f                                               cstackCOMRAM 000551
vfpfcnvrt@fmt                                             cstackCOMRAM 000543
vfpfcnvrt@fp                                              cstackCOMRAM 000541
vfprintf@ap                                               cstackBANK5  0005EA
vfprintf@cfmt                                             cstackCOMRAM 000559
vfprintf@fmt                                              cstackBANK5  0005E8
vfprintf@fp                                               cstackBANK5  0005E6


MODULE INFORMATION

Module		Function		Class		Link	Load	Size
C:\Program Files\Microchip\xc8\v2.32\pic\sources\c99\common\awdiv.c
		___awdiv       		CODE           	64A2	0000	196

C:\Program Files\Microchip\xc8\v2.32\pic\sources\c99\common\awdiv.c estimated size: 196

C:\Program Files\Microchip\xc8\v2.32\pic\sources\c99\common\isdigit.c
		_isdigit       		CODE           	6E94	0000	56

C:\Program Files\Microchip\xc8\v2.32\pic\sources\c99\common\isdigit.c estimated size: 56

C:\Program Files\Microchip\xc8\v2.32\pic\sources\c99\common\sprcadd.c
		___flsub       		CODE           	6D54	0000	70
		___fladd       		CODE           	4ABC	0000	1216

C:\Program Files\Microchip\xc8\v2.32\pic\sources\c99\common\sprcadd.c estimated size: 1286

C:\Program Files\Microchip\xc8\v2.32\pic\sources\c99\common\doprnt.c
		_vfpfcnvrt     		CODE           	4412	0000	1706
		_efgtoa        		CODE           	3768	0000	3242
		_pad           		CODE           	6316	0000	198
		_vfprintf      		CODE           	6A2E	0000	106

C:\Program Files\Microchip\xc8\v2.32\pic\sources\c99\common\doprnt.c estimated size: 5252

C:\Program Files\Microchip\xc8\v2.32\pic\sources\c99\common\flneg.c
		___flneg       		CODE           	6E5C	0000	56

C:\Program Files\Microchip\xc8\v2.32\pic\sources\c99\common\flneg.c estimated size: 56

mcc_generated_files/i2c1_master.c
		_I2C1_Initialize		CODE           	6F30	0000	44

mcc_generated_files/i2c1_master.c estimated size: 44

mcc_generated_files/tmr2.c
		_TMR2_Initialize		CODE           	7028	0000	30

mcc_generated_files/tmr2.c estimated size: 30

mcc_generated_files/interrupt_manager.c
		_INTERRUPT_Initialize		CODE           	7100	0000	4
		_INTERRUPT_InterruptManager		CODE           	6566	0000	188

mcc_generated_files/interrupt_manager.c estimated size: 192

mcc_generated_files/pin_manager.c
		_PIN_MANAGER_Initialize		CODE           	683E	0000	176

mcc_generated_files/pin_manager.c estimated size: 176

C:\Program Files\Microchip\xc8\v2.32\pic\sources\c99\common\atoi.c
		_atoi          		CODE           	5976	0000	440

C:\Program Files\Microchip\xc8\v2.32\pic\sources\c99\common\atoi.c estimated size: 440

C:\Program Files\Microchip\xc8\v2.32\pic\sources\c99\common\nf_fputs.c
		_fputs         		CODE           	6DE0	0000	68

C:\Program Files\Microchip\xc8\v2.32\pic\sources\c99\common\nf_fputs.c estimated size: 68

C:\Program Files\Microchip\xc8\v2.32\pic\sources\c99\common\fleq.c
		___fleq        		CODE           	68EE	0000	170

C:\Program Files\Microchip\xc8\v2.32\pic\sources\c99\common\fleq.c estimated size: 170

mcc_generated_files/adc.c
		_ADC_Initialize		CODE           	6622	0000	184
		_ADC_GetSingleConversion		CODE           	6EFE	0000	50
		_ADC_SetActiveClockTuningInterruptHandler		CODE           	70CA	0000	14
		_ADC_SetADIInterruptHandler		CODE           	70D8	0000	14
		_ADC_SetContext1ThresholdInterruptHandler		CODE           	70BC	0000	14

mcc_generated_files/adc.c estimated size: 276

C:\Program Files\Microchip\xc8\v2.32\pic\sources\c99\common\strstr.c
		_strstr        		CODE           	624A	0000	204

C:\Program Files\Microchip\xc8\v2.32\pic\sources\c99\common\strstr.c estimated size: 204

C:\Program Files\Microchip\xc8\v2.32\pic\sources\c99\common\__fpclassifyf.c
		___fpclassifyf 		CODE           	6052	0000	254

C:\Program Files\Microchip\xc8\v2.32\pic\sources\c99\common\__fpclassifyf.c estimated size: 254

C:\Program Files\Microchip\xc8\v2.32\pic\sources\c99\common\isupper.c
		_isupper       		CODE           	6E24	0000	56

C:\Program Files\Microchip\xc8\v2.32\pic\sources\c99\common\isupper.c estimated size: 56

C:\Program Files\Microchip\xc8\v2.32\pic\sources\c99\common\Umul16.c
		___wmul        		CODE           	6F88	0000	42

C:\Program Files\Microchip\xc8\v2.32\pic\sources\c99\common\Umul16.c estimated size: 42

C:\Program Files\Microchip\xc8\v2.32\pic\sources\c99\common\isspace.c
		_isspace       		CODE           	6C62	0000	82

C:\Program Files\Microchip\xc8\v2.32\pic\sources\c99\common\isspace.c estimated size: 82

mcc_generated_files/uart1.c
		_UART1_Write   		CODE           	6B5E	0000	92
		_putch         		CODE           	70E6	0000	10
		_UART1_SetFramingErrorHandler		CODE           	70A0	0000	14
		_UART1_SetOverrunErrorHandler		CODE           	7092	0000	14
		_UART1_Receive_ISR		CODE           	63DC	0000	198
		_UART1_SetRxInterruptHandler		CODE           	7084	0000	14
		_UART1_SetTxInterruptHandler		CODE           	7076	0000	14
		_UART1_Initialize		CODE           	66DA	0000	180
		_UART1_SetErrorHandler		CODE           	70AE	0000	14
		_UART1_Transmit_ISR		CODE           	6D9A	0000	70
		_UART1_Read    		CODE           	6CB4	0000	82
		_getch         		CODE           	70F0	0000	6
		_UART1_DefaultFramingErrorHandler		CODE           	7106	0000	2
		_UART1_DefaultErrorHandler		CODE           	70F6	0000	6
		_UART1_RxDataHandler		CODE           	6F5C	0000	44
		_UART1_DefaultOverrunErrorHandler		CODE           	7104	0000	2

mcc_generated_files/uart1.c estimated size: 762

C:\Program Files\Microchip\xc8\v2.32\pic\sources\c99\common\strncmp.c
		_strncmp       		CODE           	6150	0000	250

C:\Program Files\Microchip\xc8\v2.32\pic\sources\c99\common\strncmp.c estimated size: 250

C:\Program Files\Microchip\xc8\v2.32\pic\sources\c99\common\tolower.c
		_tolower       		CODE           	6AFE	0000	96

C:\Program Files\Microchip\xc8\v2.32\pic\sources\c99\common\tolower.c estimated size: 96

shared
		_LCD_INIT_STRING		SMALLCONST     	373A	0000	4
		__initialization		CODE           	6D06	0000	72
		_i2c1_fsmStateTable		SMALLCONST     	3701	0000	57

shared estimated size: 133

C:\Program Files\Microchip\xc8\v2.32\pic\sources\c99\common\sprcmul.c
		___flmul       		CODE           	4F7C	0000	1102

C:\Program Files\Microchip\xc8\v2.32\pic\sources\c99\common\sprcmul.c estimated size: 1102

C:\Program Files\Microchip\xc8\v2.32\pic\sources\c99\common\awmod.c
		___awmod       		CODE           	678E	0000	176

C:\Program Files\Microchip\xc8\v2.32\pic\sources\c99\common\awmod.c estimated size: 176

mcc_generated_files/mcc.c
		_PMD_Initialize		CODE           	6FDA	0000	40
		_OSCILLATOR_Initialize		CODE           	705E	0000	24
		_SYSTEM_Initialize		CODE           	7002	0000	38

mcc_generated_files/mcc.c estimated size: 102

C:\Program Files\Microchip\xc8\v2.32\pic\sources\c99\common\sprcdiv.c
		___fldiv       		CODE           	53CA	0000	922

C:\Program Files\Microchip\xc8\v2.32\pic\sources\c99\common\sprcdiv.c estimated size: 922

mcc_generated_files/pwm1.c
		_PWM1_Initialize		CODE           	7046	0000	24
		_PWM1_LoadDutyValue		CODE           	6ECC	0000	50

mcc_generated_files/pwm1.c estimated size: 74

C:\Program Files\Microchip\xc8\v2.32\pic\sources\c99\common\fltol.c
		___fltol       		CODE           	5E48	0000	262

C:\Program Files\Microchip\xc8\v2.32\pic\sources\c99\common\fltol.c estimated size: 262

C:\Program Files\Microchip\xc8\v2.32\pic\sources\c99\common\xxtofl.c
		___xxtofl      		CODE           	5B2E	0000	436

C:\Program Files\Microchip\xc8\v2.32\pic\sources\c99\common\xxtofl.c estimated size: 436

C:\Program Files\Microchip\xc8\v2.32\pic\sources\c99\common\printf.c
		_printf        		CODE           	6FB2	0000	40

C:\Program Files\Microchip\xc8\v2.32\pic\sources\c99\common\printf.c estimated size: 40

C:\Program Files\Microchip\xc8\v2.32\pic\sources\c99\common\nf_fputc.c
		_fputc         		CODE           	6998	0000	150

C:\Program Files\Microchip\xc8\v2.32\pic\sources\c99\common\nf_fputc.c estimated size: 150

main.c
		_main          		CODE           	5CE2	0000	358

main.c estimated size: 358

C:\Program Files\Microchip\xc8\v2.32\pic\sources\c99\common\strlen.c
		_strlen        		CODE           	6C0E	0000	84

C:\Program Files\Microchip\xc8\v2.32\pic\sources\c99\common\strlen.c estimated size: 84

C:\Program Files\Microchip\xc8\v2.32\pic\sources\c99\common\flge.c
		___flge        		CODE           	5F4E	0000	260

C:\Program Files\Microchip\xc8\v2.32\pic\sources\c99\common\flge.c estimated size: 260

C:\Program Files\Microchip\xc8\v2.32\pic\sources\c99\common\floorf.c
		_floorf        		CODE           	5764	0000	530

C:\Program Files\Microchip\xc8\v2.32\pic\sources\c99\common\floorf.c estimated size: 530

C:\Program Files\Microchip\xc8\v2.32\pic\sources\c99\common\strchr.c
		_strchr        		CODE           	6BBA	0000	84

C:\Program Files\Microchip\xc8\v2.32\pic\sources\c99\common\strchr.c estimated size: 84

C:\Program Files\Microchip\xc8\v2.32\pic\sources\c99\common\strcpy.c
		_strcpy        		CODE           	6A98	0000	102

C:\Program Files\Microchip\xc8\v2.32\pic\sources\c99\common\strcpy.c estimated size: 102

