Microchip MPLAB XC8 Compiler V2.32

Linker command line:

-W-3 --edf=C:\Program Files\Microchip\xc8\v2.32\pic\dat\en_msgs.txt -cn \
  -h+dist/default/production\MultiServo.X.production.sym \
  --cmf=dist/default/production\MultiServo.X.production.cmf -z -Q16F18855 \
  -oC:\Users\PICTRA~1\AppData\Local\Temp\xcAsf14.4 --defsym=__MPLAB_BUILD=1 \
  -Mdist/default/production/MultiServo.X.production.map -E1 \
  -ver=XC8 Compiler --acfsm=1493 -ASTACK=020D4h-023EFh -pstack=STACK \
  -ACODE=00h-07FFhx4 -ASTRCODE=00h-01FFFh -ASTRING=00h-0FFhx32 \
  -ACONST=00h-0FFhx32 -AENTRY=00h-0FFhx32 -ACOMMON=070h-07Fh \
  -ABANK0=020h-06Fh -ABANK1=0A0h-0EFh -ABANK2=0120h-016Fh \
  -ABANK3=01A0h-01EFh -ABANK4=0220h-026Fh -ABANK5=02A0h-02EFh \
  -ABANK6=0320h-036Fh -ABANK7=03A0h-03EFh -ABANK8=0420h-046Fh \
  -ABANK9=04A0h-04EFh -ABANK10=0520h-056Fh -ABANK11=05A0h-05EFh \
  -ABANK12=0620h-064Fh -ABIGRAM=02000h-023EFh \
  -ARAM=020h-06Fh,0A0h-0EFh,0120h-016Fh,01A0h-01EFh,0220h-026Fh,02A0h-02EFh,0320h-036Fh,03A0h-03EFh,0420h-046Fh,04A0h-04EFh,0520h-056Fh,05A0h-05EFh,0620h-064Fh \
  -AABS1=020h-07Fh,0A0h-0EFh,0120h-016Fh,01A0h-01EFh,0220h-026Fh,02A0h-02EFh,0320h-036Fh,03A0h-03EFh,0420h-046Fh,04A0h-04EFh,0520h-056Fh,05A0h-05EFh,0620h-064Fh \
  -ASFR0=00h-01Fh -ASFR1=080h-09Fh -ASFR2=0100h-011Fh -ASFR3=0180h-019Fh \
  -ASFR4=0200h-021Fh -ASFR5=0280h-029Fh -ASFR6=0300h-031Fh \
  -ASFR7=0380h-039Fh -ASFR8=0400h-041Fh -ASFR9=0480h-049Fh \
  -ASFR10=0500h-051Fh -ASFR11=0580h-059Fh -ASFR12=0600h-061Fh \
  -ASFR13=0680h-06EFh -ASFR14=0700h-076Fh -ASFR15=0780h-07EFh \
  -ASFR16=0800h-086Fh -ASFR17=0880h-08EFh -ASFR18=0900h-096Fh \
  -ASFR19=0980h-09EFh -ASFR20=0A00h-0A6Fh -ASFR21=0A80h-0AEFh \
  -ASFR22=0B00h-0B6Fh -ASFR23=0B80h-0BEFh -ASFR24=0C00h-0C6Fh \
  -ASFR25=0C80h-0CEFh -ASFR26=0D00h-0D6Fh -ASFR27=0D80h-0DEFh \
  -ASFR28=0E00h-0E6Fh -ASFR29=0E80h-0EEFh -ASFR30=0F00h-0F6Fh \
  -ASFR31=0F80h-0FEFh -ACONFIG=08007h-0800Bh -DCONFIG=2 \
  -AIDLOC=08000h-08003h -DIDLOC=2 -AEEDATA=00h-0FFh/0F000h \
  -peeprom_data=EEDATA -DEEDATA=2 -DCODE=2 -DSTRCODE=2 -DSTRING=2 -DCONST=2 \
  -DENTRY=2 -preset_vec=00h,intentry=04h,init,end_init -ppowerup=CODE \
  -pcinit=CODE -pfunctab=ENTRY -k \
  C:\Users\PICTRA~1\AppData\Local\Temp\xcAsf14.o \
  dist/default/production\MultiServo.X.production.o 

Object code version is 3.11

Machine type is 16F18855



                Name                               Link     Load   Length Selector   Space Scale
C:\Users\PICTRA~1\AppData\Local\Temp\xcAsf14.o
                end_init                            196      196        2        8       0
                reset_vec                             0        0        2        0       0
                config                             8007     8007        5        0       4
                idloc                              8000     8000        4        0       5
dist/default/production\MultiServo.X.production.o
                cinit                               198      198       33        8       0
                intentry                              4        4      192        8       0
                config                             8007     8007        5        0       4
                idloc                              8000     8000        4        0       5
                text26                              989      989        5     1312       0
                text25                              98E      98E        6     131C       0
                text24                              9C0      9C0       11     1380       0
                text23                              9E3      9E3       1E     13C6       0
                text21                              A3F      A3F       21     147E       0
                text20                              A01      A01       1E     1402       0
                text19                              BFB      BFB       80     17F6       0
                text18                              C7B      C7B       AD     18F6       0
                text17                              981      981        4     1302       0
                text16                              985      985        4     130A       0
                text15                              DF0      DF0      210     1BE0       0
                text14                              A60      A60       24     14C0       0
                text13                              1CB      1CB      257        8       0
                text12                              422      422      238        8       0
                text11                              A1F      A1F       20     143E       0
                text10                              D28      D28       C8     1A50       0
                text9                               B22      B22       5B     1644       0
                text8                               7AF      7AF       42        8       0
                text7                               A84      A84       2C     1508       0
                text6                               9A0      9A0       10     1340       0
                text5                               7F9      7F9        7        8       0
                text4                               AE1      AE1       41     15C2       0
                text3                               B7D      B7D       7E     16FA       0
                text2                               AB0      AB0       31     1560       0
                text1                               9D1      9D1       12     13A2       0
                maintext                            65A      65A      155        8       0
                cstackBANK0                          20       20       50       20       1
                cstackCOMMON                         70       70        6       70       1
                cstackBANK1                          A0       A0       2C       A0       1
                cstackBANK2                         150      150        4      120       1
                clrtext                             994      994        6     1328       0
                inittext                            99A      99A        6     1334       0
                dataBANK2                           140      140       10      120       1
                bssBANK2                            120      120       20      120       1
                dataBANK1                            E8       E8        8       A0       1
                bssBANK1                             CC       CC       1C       A0       1
                dataCOMMON                           79       79        1       70       1
                bssCOMMON                            76       76        3       70       1
                stringtext18                       10AA     10AA        3     2000       0
                stringtext17                       10A5     10A5        5     2000       0
                stringtext16                       109C     109C        9     2000       0
                stringtext15                       108C     108C       10     2000       0
                stringtext14                       107B     107B       11     2000       0
                stringtext13                       106A     106A       11     2000       0
                stringtext12                       1058     1058       12     2000       0
                stringtext11                       1045     1045       13     2000       0
                stringtext10                       1031     1031       14     2000       0
                stringtext9                        101C     101C       15     2000       0
                stringtext8                        1000     1000       1C     2000       0
                stringtext7                        10B1     10B1        2     2000       0
                stringtext6                        10B6     10B6        1     2000       0
                stringtext5                        10B5     10B5        1     2000       0
                stringtext4                        10B4     10B4        1     2000       0
                stringtext3                        10B3     10B3        1     2000       0
                stringtext2                        10AF     10AF        2     2000       0
                stringtext1                        10AD     10AD        2     2000       0
                idataBANK2                          9B0      9B0       10     1360       0
                idataBANK1                          7F1      7F1        8        8       0
                idataCOMMON                           3        3        1        6       0

TOTAL           Name                               Link     Load   Length     Space
        CLASS   STACK          

        CLASS   CODE           
                end_init                            196      196        2         0
                cinit                               198      198       33         0
                intentry                              4        4      192         0
                reset_vec                             0        0        2         0
                text26                              989      989        5         0
                text25                              98E      98E        6         0
                text24                              9C0      9C0       11         0
                text23                              9E3      9E3       1E         0
                text21                              A3F      A3F       21         0
                text20                              A01      A01       1E         0
                text19                              BFB      BFB       80         0
                text18                              C7B      C7B       AD         0
                text17                              981      981        4         0
                text16                              985      985        4         0
                text15                              DF0      DF0      210         0
                text14                              A60      A60       24         0
                text13                              1CB      1CB      257         0
                text12                              422      422      238         0
                text11                              A1F      A1F       20         0
                text10                              D28      D28       C8         0
                text9                               B22      B22       5B         0
                text8                               7AF      7AF       42         0
                text7                               A84      A84       2C         0
                text6                               9A0      9A0       10         0
                text5                               7F9      7F9        7         0
                text4                               AE1      AE1       41         0
                text3                               B7D      B7D       7E         0
                text2                               AB0      AB0       31         0
                text1                               9D1      9D1       12         0
                maintext                            65A      65A      155         0
                clrtext                             994      994        6         0
                inittext                            99A      99A        6         0
                idataBANK2                          9B0      9B0       10         0
                idataBANK1                          7F1      7F1        8         0
                idataCOMMON                           3        3        1         0

        CLASS   STRCODE        
                stringtext18                       10AA     10AA        3         0
                stringtext17                       10A5     10A5        5         0
                stringtext16                       109C     109C        9         0
                stringtext15                       108C     108C       10         0
                stringtext14                       107B     107B       11         0
                stringtext13                       106A     106A       11         0
                stringtext12                       1058     1058       12         0
                stringtext11                       1045     1045       13         0
                stringtext10                       1031     1031       14         0
                stringtext9                        101C     101C       15         0
                stringtext8                        1000     1000       1C         0
                stringtext7                        10B1     10B1        2         0
                stringtext6                        10B6     10B6        1         0
                stringtext5                        10B5     10B5        1         0
                stringtext4                        10B4     10B4        1         0
                stringtext3                        10B3     10B3        1         0
                stringtext2                        10AF     10AF        2         0
                stringtext1                        10AD     10AD        2         0

        CLASS   STRING         

        CLASS   CONST          

        CLASS   ENTRY          

        CLASS   COMMON         
                cstackCOMMON                         70       70        6         1
                dataCOMMON                           79       79        1         1
                bssCOMMON                            76       76        3         1

        CLASS   BANK0          
                cstackBANK0                          20       20       50         1

        CLASS   BANK1          
                cstackBANK1                          A0       A0       2C         1
                dataBANK1                            E8       E8        8         1
                bssBANK1                             CC       CC       1C         1

        CLASS   BANK2          
                cstackBANK2                         150      150        4         1
                dataBANK2                           140      140       10         1
                bssBANK2                            120      120       20         1

        CLASS   BANK3          

        CLASS   BANK4          

        CLASS   BANK5          

        CLASS   BANK6          

        CLASS   BANK7          

        CLASS   BANK8          

        CLASS   BANK9          

        CLASS   BANK10         

        CLASS   BANK11         

        CLASS   BANK12         

        CLASS   BIGRAM         

        CLASS   RAM            

        CLASS   ABS1           
                abs_s1                               7E       7E        2         1

        CLASS   SFR0           

        CLASS   SFR1           

        CLASS   SFR2           

        CLASS   SFR3           

        CLASS   SFR4           

        CLASS   SFR5           

        CLASS   SFR6           

        CLASS   SFR7           

        CLASS   SFR8           

        CLASS   SFR9           

        CLASS   SFR10          

        CLASS   SFR11          

        CLASS   SFR12          

        CLASS   SFR13          

        CLASS   SFR14          

        CLASS   SFR15          

        CLASS   SFR16          

        CLASS   SFR17          

        CLASS   SFR18          

        CLASS   SFR19          

        CLASS   SFR20          

        CLASS   SFR21          

        CLASS   SFR22          

        CLASS   SFR23          

        CLASS   SFR24          

        CLASS   SFR25          

        CLASS   SFR26          

        CLASS   SFR27          

        CLASS   SFR28          

        CLASS   SFR29          

        CLASS   SFR30          

        CLASS   SFR31          

        CLASS   CONFIG         
                config                             8007     8007        5         4

        CLASS   IDLOC          
                idloc                              8000     8000        4         5

        CLASS   EEDATA         

        CLASS   BANK31         

        CLASS   BANK30         

        CLASS   BANK29         

        CLASS   BANK28         

        CLASS   BANK27         

        CLASS   BANK26         

        CLASS   BANK25         

        CLASS   BANK24         

        CLASS   BANK23         

        CLASS   BANK22         

        CLASS   BANK21         

        CLASS   BANK20         

        CLASS   BANK19         

        CLASS   BANK18         

        CLASS   BANK17         

        CLASS   BANK16         

        CLASS   BANK15         

        CLASS   BANK14         

        CLASS   BANK13         



SEGMENTS        Name                           Load    Length   Top    Selector   Space  Class     Delta

                reset_vec                      000000  000002  000002         0       0  CODE        2
                idataCOMMON                    000003  000001  000004         6       0  CODE        2
                intentry                       000004  0007FC  000800         8       0  CODE        2
                cstackBANK0                    000020  000050  000070        20       1  BANK0       1
                cstackCOMMON                   000070  00000A  00007A        70       1  COMMON      1
                cstackBANK1                    0000A0  000050  0000F0        A0       1  BANK1       1
                bssBANK2                       000120  000034  000154       120       1  BANK2       1
                text17                         000981  000004  000985      1302       0  CODE        2
                text16                         000985  000004  000989      130A       0  CODE        2
                text26                         000989  000005  00098E      1312       0  CODE        2
                text25                         00098E  000006  000994      131C       0  CODE        2
                clrtext                        000994  000006  00099A      1328       0  CODE        2
                inittext                       00099A  000006  0009A0      1334       0  CODE        2
                text6                          0009A0  000010  0009B0      1340       0  CODE        2
                idataBANK2                     0009B0  000010  0009C0      1360       0  CODE        2
                text24                         0009C0  000011  0009D1      1380       0  CODE        2
                text1                          0009D1  000012  0009E3      13A2       0  CODE        2
                text23                         0009E3  00001E  000A01      13C6       0  CODE        2
                text20                         000A01  00001E  000A1F      1402       0  CODE        2
                text11                         000A1F  000020  000A3F      143E       0  CODE        2
                text21                         000A3F  000021  000A60      147E       0  CODE        2
                text14                         000A60  000024  000A84      14C0       0  CODE        2
                text7                          000A84  00002C  000AB0      1508       0  CODE        2
                text2                          000AB0  000031  000AE1      1560       0  CODE        2
                text4                          000AE1  000041  000B22      15C2       0  CODE        2
                text9                          000B22  00005B  000B7D      1644       0  CODE        2
                text3                          000B7D  00007E  000BFB      16FA       0  CODE        2
                text19                         000BFB  000080  000C7B      17F6       0  CODE        2
                text18                         000C7B  0000AD  000D28      18F6       0  CODE        2
                text10                         000D28  0000C8  000DF0      1A50       0  CODE        2
                text15                         000DF0  000210  001000      1BE0       0  CODE        2
                stringtext8                    001000  0000B7  0010B7      2000       0  STRCODE     2


UNUSED ADDRESS RANGES

        Name                Unused          Largest block    Delta
        BANK10           00520-0056F              50           1
        BANK11           005A0-005EF              50           1
        BANK12           00620-0064F              30           1
        BANK2            00154-0016F              1C           1
        BANK3            001A0-001EF              50           1
        BANK4            00220-0026F              50           1
        BANK5            002A0-002EF              50           1
        BANK6            00320-0036F              50           1
        BANK7            003A0-003EF              50           1
        BANK8            00420-0046F              50           1
        BANK9            004A0-004EF              50           1
        BIGRAM           02000-023EF             3F0           1
        CODE             00002-00002               1           2
                         00800-00980             181
                         010B7-01FFF             749
        COMMON           0007A-0007D               4           1
        CONST            00002-00002               1           2
                         00800-00980             100
                         010B7-01FFF             100
        EEDATA           0F000-0F0FF             100           2
        ENTRY            00002-00002               1           2
                         00800-00980             100
                         010B7-01FFF             100
        RAM              00154-0016F              1C           1
                         001A0-001EF              50
                         00220-0026F              50
                         002A0-002EF              50
                         00320-0036F              50
                         003A0-003EF              50
                         00420-0046F              50
                         004A0-004EF              50
                         00520-0056F              50
                         005A0-005EF              50
                         00620-0064F              30
        SFR0             00000-0001F              20           1
        SFR1             00080-0009F              20           1
        SFR10            00500-0051F              20           1
        SFR11            00580-0059F              20           1
        SFR12            00600-0061F              20           1
        SFR13            00680-006EF              70           1
        SFR14            00700-0076F              70           1
        SFR15            00780-007EF              70           1
        SFR16            00800-0086F              70           1
        SFR17            00880-008EF              70           1
        SFR18            00900-0096F              70           1
        SFR19            00980-009EF              70           1
        SFR2             00100-0011F              20           1
        SFR20            00A00-00A6F              70           1
        SFR21            00A80-00AEF              70           1
        SFR22            00B00-00B6F              70           1
        SFR23            00B80-00BEF              70           1
        SFR24            00C00-00C6F              70           1
        SFR25            00C80-00CEF              70           1
        SFR26            00D00-00D6F              70           1
        SFR27            00D80-00DEF              70           1
        SFR28            00E00-00E6F              70           1
        SFR29            00E80-00EEF              70           1
        SFR3             00180-0019F              20           1
        SFR30            00F00-00F6F              70           1
        SFR31            00F80-00FEF              70           1
        SFR4             00200-0021F              20           1
        SFR5             00280-0029F              20           1
        SFR6             00300-0031F              20           1
        SFR7             00380-0039F              20           1
        SFR8             00400-0041F              20           1
        SFR9             00480-0049F              20           1
        STACK            020D4-023EF             31C           1
        STRCODE          00002-00002               1           2
                         00800-00980             181
                         010B7-01FFF             F49
        STRING           00002-00002               1           2
                         00800-00980             100
                         010B7-01FFF             100

                                  Symbol Table

?__Umul8_16                           cstackCOMMON 00074
?___fladd                             cstackBANK0  00027
?___fldiv                             cstackBANK0  0005D
?___flmul                             cstackBANK0  00043
?___flsub                             cstackBANK0  0003B
?___fltol                             cstackBANK1  000C1
?___lldiv                             cstackBANK0  00020
?___xxtofl                            cstackBANK0  00020
?_map                                 cstackBANK1  000AD
?_printf                              cstackBANK0  00039
?_vfpfcnvrt                           cstackBANK0  00029
?_vfprintf                            cstackBANK0  00031
Timer0_8bit_set@TimerValue            cstackCOMMON 00070
Timer1_InterruptInit@TimerValue       cstackCOMMON 00074
Timer1_InterruptInit@prescaler        cstackBANK0  00021
Timer1_set@TimerValue                 cstackCOMMON 00070
Timer5_Interrupt_init@TimerValue      cstackCOMMON 00074
Timer5_Interrupt_init@prescaler       cstackBANK0  00021
Timer5_set@time                       cstackCOMMON 00070
_ANSELA                               (abs)        00F38
_ANSELB                               (abs)        00F43
_ANSELC                               (abs)        00F4E
_BAUD1CON                             (abs)        0011F
_INTCON                               (abs)        0000B
_INTCONbits                           (abs)        0000B
_INTERRUPT_InterruptManager           intentry     00004
_INTPPS                               (abs)        00E90
_LATA                                 (abs)        00016
_LATAbits                             (abs)        00016
_LATB                                 (abs)        00017
_LATCbits                             (abs)        00018
_PIE0                                 (abs)        00716
_PIE0bits                             (abs)        00716
_PIE3bits                             (abs)        00719
_PIE4bits                             (abs)        0071A
_PIR0bits                             (abs)        0070C
_PIR3                                 (abs)        0070F
_PIR3bits                             (abs)        0070F
_PIR4bits                             (abs)        00710
_PORTA                                (abs)        0000C
_PORTB                                (abs)        0000D
_RC0PPS                               (abs)        00F20
_RC1STA                               (abs)        0011D
_RCREG                                (abs)        00119
_RXPPS                                (abs)        00ECB
_SERVO1_ON                            dataCOMMON   00079
_SERVO2_ON                            dataBANK1    000EE
_SERVO3                               bssBANK1     000E1
_SERVO3_ON                            bssBANK1     000D9
_SERVO4                               bssBANK1     000E0
_SERVO4_ON                            bssBANK1     000D8
_SERVO5                               bssBANK1     000DF
_SERVO5_ON                            bssBANK1     000D7
_SERVO6                               bssBANK1     000DE
_SERVO6_ON                            bssBANK1     000D6
_SERVO7                               bssBANK1     000DD
_SERVO7_ON                            bssBANK1     000D5
_SERVO8                               bssBANK1     000DC
_SERVO8_ON                            bssBANK1     000D4
_SP1BRGH                              (abs)        0011C
_SP1BRGL                              (abs)        0011B
_Servo_Idx                            bssCOMMON    00077
_Servo_PWM                            dataBANK2    00140
_T0CON0                               (abs)        0001E
_T0CON1                               (abs)        0001F
_T1CLK                                (abs)        00211
_T1CON                                (abs)        0020E
_T5CLK                                (abs)        0021D
_T5CON                                (abs)        0021A
_T5CONbits                            (abs)        0021A
_TMR0H                                (abs)        0001D
_TMR0L                                (abs)        0001C
_TMR1H                                (abs)        0020D
_TMR1L                                (abs)        0020C
_TMR5H                                (abs)        00219
_TMR5L                                (abs)        00218
_TRISA                                (abs)        00011
_TRISB                                (abs)        00012
_TRISC                                (abs)        00013
_TX1STA                               (abs)        0011E
_TXREG                                (abs)        0011A
_Ticks4NextInterrupt@MultiServo$F553  dataBANK1    000E8
_Timer0_8bit_set                      text26       00989
_Timer1_InterruptInit                 text21       00A3F
_Timer1_set                           text25       0098E
_Timer5_Interrupt_init                text20       00A01
_Timer5_set                           text24       009C0
__Habs1                               abs1         00000
__Hbank0                              bank0        00000
__Hbank1                              bank1        00000
__Hbank10                             bank10       00000
__Hbank11                             bank11       00000
__Hbank12                             bank12       00000
__Hbank13                             bank13       00000
__Hbank14                             bank14       00000
__Hbank15                             bank15       00000
__Hbank16                             bank16       00000
__Hbank17                             bank17       00000
__Hbank18                             bank18       00000
__Hbank19                             bank19       00000
__Hbank2                              bank2        00000
__Hbank20                             bank20       00000
__Hbank21                             bank21       00000
__Hbank22                             bank22       00000
__Hbank23                             bank23       00000
__Hbank24                             bank24       00000
__Hbank25                             bank25       00000
__Hbank26                             bank26       00000
__Hbank27                             bank27       00000
__Hbank28                             bank28       00000
__Hbank29                             bank29       00000
__Hbank3                              bank3        00000
__Hbank30                             bank30       00000
__Hbank31                             bank31       00000
__Hbank4                              bank4        00000
__Hbank5                              bank5        00000
__Hbank6                              bank6        00000
__Hbank7                              bank7        00000
__Hbank8                              bank8        00000
__Hbank9                              bank9        00000
__Hbigram                             bigram       00000
__HbssBANK1                           bssBANK1     00000
__HbssBANK2                           bssBANK2     00000
__HbssCOMMON                          bssCOMMON    00000
__Hcinit                              cinit        001CB
__Hclrtext                            clrtext      00000
__Hcode                               code         00000
__Hcommon                             common       00000
__Hconfig                             config       0800C
__HcstackBANK0                        cstackBANK0  00000
__HcstackBANK1                        cstackBANK1  00000
__HcstackBANK2                        cstackBANK2  00000
__HcstackCOMMON                       cstackCOMMON 00000
__HdataBANK1                          dataBANK1    00000
__HdataBANK2                          dataBANK2    00000
__HdataCOMMON                         dataCOMMON   00000
__Heeprom_data                        eeprom_data  00000
__Hend_init                           end_init     00198
__Hfunctab                            functab      00000
__HidataBANK1                         idataBANK1   00000
__HidataBANK2                         idataBANK2   00000
__HidataCOMMON                        idataCOMMON  00000
__Hidloc                              idloc        08004
__Hinit                               init         00196
__Hinittext                           inittext     00000
__Hintentry                           intentry     00196
__Hmaintext                           maintext     00000
__Hpowerup                            powerup      00000
__Hram                                ram          00000
__Hreset_vec                          reset_vec    00002
__Hsfr0                               sfr0         00000
__Hsfr1                               sfr1         00000
__Hsfr10                              sfr10        00000
__Hsfr11                              sfr11        00000
__Hsfr12                              sfr12        00000
__Hsfr13                              sfr13        00000
__Hsfr14                              sfr14        00000
__Hsfr15                              sfr15        00000
__Hsfr16                              sfr16        00000
__Hsfr17                              sfr17        00000
__Hsfr18                              sfr18        00000
__Hsfr19                              sfr19        00000
__Hsfr2                               sfr2         00000
__Hsfr20                              sfr20        00000
__Hsfr21                              sfr21        00000
__Hsfr22                              sfr22        00000
__Hsfr23                              sfr23        00000
__Hsfr24                              sfr24        00000
__Hsfr25                              sfr25        00000
__Hsfr26                              sfr26        00000
__Hsfr27                              sfr27        00000
__Hsfr28                              sfr28        00000
__Hsfr29                              sfr29        00000
__Hsfr3                               sfr3         00000
__Hsfr30                              sfr30        00000
__Hsfr31                              sfr31        00000
__Hsfr4                               sfr4         00000
__Hsfr5                               sfr5         00000
__Hsfr6                               sfr6         00000
__Hsfr7                               sfr7         00000
__Hsfr8                               sfr8         00000
__Hsfr9                               sfr9         00000
__Hspace_0                            (abs)        010B7
__Hspace_1                            (abs)        00154
__Hspace_2                            (abs)        00000
__Hspace_3                            (abs)        00000
__Hspace_4                            (abs)        10013
__Hstack                              stack        00000
__Hstrings                            strings      00000
__Hstringtext1                        stringtext1  00000
__Hstringtext10                       stringtext10 00000
__Hstringtext11                       stringtext11 00000
__Hstringtext12                       stringtext12 00000
__Hstringtext13                       stringtext13 00000
__Hstringtext14                       stringtext14 00000
__Hstringtext15                       stringtext15 00000
__Hstringtext16                       stringtext16 00000
__Hstringtext17                       stringtext17 00000
__Hstringtext18                       stringtext18 00000
__Hstringtext19                       stringtext19 00000
__Hstringtext2                        stringtext2  00000
__Hstringtext3                        stringtext3  00000
__Hstringtext4                        stringtext4  00000
__Hstringtext5                        stringtext5  00000
__Hstringtext6                        stringtext6  00000
__Hstringtext7                        stringtext7  00000
__Hstringtext8                        stringtext8  00000
__Hstringtext9                        stringtext9  00000
__Htext                               text         00000
__Labs1                               abs1         00000
__Lbank0                              bank0        00000
__Lbank1                              bank1        00000
__Lbank10                             bank10       00000
__Lbank11                             bank11       00000
__Lbank12                             bank12       00000
__Lbank13                             bank13       00000
__Lbank14                             bank14       00000
__Lbank15                             bank15       00000
__Lbank16                             bank16       00000
__Lbank17                             bank17       00000
__Lbank18                             bank18       00000
__Lbank19                             bank19       00000
__Lbank2                              bank2        00000
__Lbank20                             bank20       00000
__Lbank21                             bank21       00000
__Lbank22                             bank22       00000
__Lbank23                             bank23       00000
__Lbank24                             bank24       00000
__Lbank25                             bank25       00000
__Lbank26                             bank26       00000
__Lbank27                             bank27       00000
__Lbank28                             bank28       00000
__Lbank29                             bank29       00000
__Lbank3                              bank3        00000
__Lbank30                             bank30       00000
__Lbank31                             bank31       00000
__Lbank4                              bank4        00000
__Lbank5                              bank5        00000
__Lbank6                              bank6        00000
__Lbank7                              bank7        00000
__Lbank8                              bank8        00000
__Lbank9                              bank9        00000
__Lbigram                             bigram       00000
__LbssBANK1                           bssBANK1     00000
__LbssBANK2                           bssBANK2     00000
__LbssCOMMON                          bssCOMMON    00000
__Lcinit                              cinit        00198
__Lclrtext                            clrtext      00000
__Lcode                               code         00000
__Lcommon                             common       00000
__Lconfig                             config       00000
__LcstackBANK0                        cstackBANK0  00000
__LcstackBANK1                        cstackBANK1  00000
__LcstackBANK2                        cstackBANK2  00000
__LcstackCOMMON                       cstackCOMMON 00000
__LdataBANK1                          dataBANK1    00000
__LdataBANK2                          dataBANK2    00000
__LdataCOMMON                         dataCOMMON   00000
__Leeprom_data                        eeprom_data  00000
__Lend_init                           end_init     00196
__Lfunctab                            functab      00000
__LidataBANK1                         idataBANK1   00000
__LidataBANK2                         idataBANK2   00000
__LidataCOMMON                        idataCOMMON  00000
__Lidloc                              idloc        00000
__Linit                               init         00196
__Linittext                           inittext     00000
__Lintentry                           intentry     00004
__Lmaintext                           maintext     00000
__Lpowerup                            powerup      00000
__Lram                                ram          00000
__Lreset_vec                          reset_vec    00000
__Lsfr0                               sfr0         00000
__Lsfr1                               sfr1         00000
__Lsfr10                              sfr10        00000
__Lsfr11                              sfr11        00000
__Lsfr12                              sfr12        00000
__Lsfr13                              sfr13        00000
__Lsfr14                              sfr14        00000
__Lsfr15                              sfr15        00000
__Lsfr16                              sfr16        00000
__Lsfr17                              sfr17        00000
__Lsfr18                              sfr18        00000
__Lsfr19                              sfr19        00000
__Lsfr2                               sfr2         00000
__Lsfr20                              sfr20        00000
__Lsfr21                              sfr21        00000
__Lsfr22                              sfr22        00000
__Lsfr23                              sfr23        00000
__Lsfr24                              sfr24        00000
__Lsfr25                              sfr25        00000
__Lsfr26                              sfr26        00000
__Lsfr27                              sfr27        00000
__Lsfr28                              sfr28        00000
__Lsfr29                              sfr29        00000
__Lsfr3                               sfr3         00000
__Lsfr30                              sfr30        00000
__Lsfr31                              sfr31        00000
__Lsfr4                               sfr4         00000
__Lsfr5                               sfr5         00000
__Lsfr6                               sfr6         00000
__Lsfr7                               sfr7         00000
__Lsfr8                               sfr8         00000
__Lsfr9                               sfr9         00000
__Lspace_0                            (abs)        00000
__Lspace_1                            (abs)        00000
__Lspace_2                            (abs)        00000
__Lspace_3                            (abs)        00000
__Lspace_4                            (abs)        00000
__Lstack                              stack        00000
__Lstrings                            strings      00000
__Lstringtext1                        stringtext1  00000
__Lstringtext10                       stringtext10 00000
__Lstringtext11                       stringtext11 00000
__Lstringtext12                       stringtext12 00000
__Lstringtext13                       stringtext13 00000
__Lstringtext14                       stringtext14 00000
__Lstringtext15                       stringtext15 00000
__Lstringtext16                       stringtext16 00000
__Lstringtext17                       stringtext17 00000
__Lstringtext18                       stringtext18 00000
__Lstringtext19                       stringtext19 00000
__Lstringtext2                        stringtext2  00000
__Lstringtext3                        stringtext3  00000
__Lstringtext4                        stringtext4  00000
__Lstringtext5                        stringtext5  00000
__Lstringtext6                        stringtext6  00000
__Lstringtext7                        stringtext7  00000
__Lstringtext8                        stringtext8  00000
__Lstringtext9                        stringtext9  00000
__Ltext                               text         00000
__S0                                  (abs)        010B7
__S1                                  (abs)        00154
__S2                                  (abs)        00000
__S3                                  (abs)        00000
__Umul8_16                            text14       00A60
__Umul8_16@multiplicand               cstackCOMMON 00074
__Umul8_16@multiplier                 cstackBANK0  00026
__Umul8_16@product                    cstackBANK0  00022
__Umul8_16@word_mpld                  cstackBANK0  00024
___fladd                              text12       00422
___fladd@a                            cstackBANK0  0002B
___fladd@aexp                         cstackBANK0  00038
___fladd@b                            cstackBANK0  00027
___fladd@bexp                         cstackBANK0  00039
___fladd@grs                          cstackBANK0  0003A
___fladd@signs                        cstackBANK0  00037
___fldiv                              text15       00DF0
___fldiv@a                            cstackBANK0  0005D
___fldiv@aexp                         cstackBANK1  000AC
___fldiv@b                            cstackBANK0  00061
___fldiv@bexp                         cstackBANK1  000AB
___fldiv@grs                          cstackBANK1  000A7
___fldiv@new_exp                      cstackBANK1  000A5
___fldiv@rem                          cstackBANK1  000A0
___fldiv@sign                         cstackBANK1  000A4
___flmul                              text13       001CB
___flmul@a                            cstackBANK0  00047
___flmul@aexp                         cstackBANK0  00051
___flmul@b                            cstackBANK0  00043
___flmul@bexp                         cstackBANK0  00056
___flmul@grs                          cstackBANK0  00052
___flmul@prod                         cstackBANK0  00057
___flmul@sign                         cstackBANK0  00050
___flmul@temp                         cstackBANK0  0005B
___flsub                              text11       00A1F
___flsub@a                            cstackBANK0  0003B
___flsub@b                            cstackBANK0  0003F
___fltol                              text19       00BFB
___fltol@exp1                         cstackBANK0  0006F
___fltol@f1                           cstackBANK1  000C1
___fltol@sign1                        cstackBANK0  0006E
___int_sp                             stack        00000
___latbits                            (abs)        00002
___lldiv                              text9        00B22
___lldiv@counter                      cstackBANK0  0002C
___lldiv@dividend                     cstackBANK0  00024
___lldiv@divisor                      cstackBANK0  00020
___lldiv@quotient                     cstackBANK0  00028
___sp                                 stack        00000
___stackhi                            (abs)        023EF
___stacklo                            (abs)        020D4
___xxtofl                             text18       00C7B
___xxtofl@arg                         cstackBANK0  0002A
___xxtofl@exp                         cstackBANK0  00029
___xxtofl@sign                        cstackBANK0  00028
___xxtofl@val                         cstackBANK0  00020
__end_of_AJUSTE_FINO_DE_RTCC          stringtext6  010B7
__end_of_INTERRUPT_InterruptManager   intentry     00196
__end_of_Ticks4Center                 stringtext1  010AF
__end_of_Ticks4Maximum                stringtext7  010B3
__end_of_Ticks4Minimum                stringtext8  01002
__end_of_Ticks4Window                 stringtext2  010B1
__end_of_Timer0_8bit_set              text26       0098E
__end_of_Timer1_InterruptInit         text21       00A60
__end_of_Timer1_set                   text25       00994
__end_of_Timer5_Interrupt_init        text20       00A1F
__end_of_Timer5_set                   text24       009D1
__end_of__Umul8_16                    text14       00A84
__end_of___fladd                      text12       0065A
__end_of___fldiv                      text15       01000
__end_of___flmul                      text13       00422
__end_of___flsub                      text11       00A3F
__end_of___fltol                      text19       00C7B
__end_of___lldiv                      text9        00B7D
__end_of___xxtofl                     text18       00D28
__end_of__initialization              cinit        001C7
__end_of_enable_Global_interrupt      text17       00985
__end_of_enable_Peripheral_interrupt  text16       00989
__end_of_fputc                        text4        00B22
__end_of_main                         maintext     007AF
__end_of_map                          text10       00DF0
__end_of_port_init                    text7        00AB0
__end_of_printf                       text1        009E3
__end_of_putch                        text5        00800
__end_of_serial_Interrupt_init        text8        007F1
__end_of_ticks_PULSO_MAXIMO           stringtext3  010B4
__end_of_ticks_PULSO_MEDIO            stringtext4  010B5
__end_of_ticks_PULSO_MINIMO           stringtext5  010B6
__end_of_uart_rx                      text23       00A01
__end_of_uart_tx                      text6        009B0
__end_of_vfpfcnvrt                    text3        00BFB
__end_of_vfprintf                     text2        00AE1
__initialization                      cinit        00198
__pbssBANK1                           bssBANK1     000CC
__pbssBANK2                           bssBANK2     00120
__pbssCOMMON                          bssCOMMON    00076
__pcstackBANK0                        cstackBANK0  00020
__pcstackBANK1                        cstackBANK1  000A0
__pcstackBANK2                        cstackBANK2  00150
__pcstackCOMMON                       cstackCOMMON 00070
__pdataBANK1                          dataBANK1    000E8
__pdataBANK2                          dataBANK2    00140
__pdataCOMMON                         dataCOMMON   00079
__pidataBANK1                         idataBANK1   007F1
__pidataBANK2                         idataBANK2   009B0
__pidataCOMMON                        idataCOMMON  00003
__pintentry                           intentry     00004
__pmaintext                           maintext     0065A
__pstringtext1                        stringtext1  010AD
__pstringtext10                       stringtext10 01031
__pstringtext11                       stringtext11 01045
__pstringtext12                       stringtext12 01058
__pstringtext13                       stringtext13 0106A
__pstringtext14                       stringtext14 0107B
__pstringtext15                       stringtext15 0108C
__pstringtext16                       stringtext16 0109C
__pstringtext17                       stringtext17 010A5
__pstringtext18                       stringtext18 010AA
__pstringtext19                       stringtext19 00000
__pstringtext2                        stringtext2  010AF
__pstringtext3                        stringtext3  010B3
__pstringtext4                        stringtext4  010B4
__pstringtext5                        stringtext5  010B5
__pstringtext6                        stringtext6  010B6
__pstringtext7                        stringtext7  010B1
__pstringtext8                        stringtext8  01000
__pstringtext9                        stringtext9  0101C
__ptext1                              text1        009D1
__ptext10                             text10       00D28
__ptext11                             text11       00A1F
__ptext12                             text12       00422
__ptext13                             text13       001CB
__ptext14                             text14       00A60
__ptext15                             text15       00DF0
__ptext16                             text16       00985
__ptext17                             text17       00981
__ptext18                             text18       00C7B
__ptext19                             text19       00BFB
__ptext2                              text2        00AB0
__ptext20                             text20       00A01
__ptext21                             text21       00A3F
__ptext23                             text23       009E3
__ptext24                             text24       009C0
__ptext25                             text25       0098E
__ptext26                             text26       00989
__ptext3                              text3        00B7D
__ptext4                              text4        00AE1
__ptext5                              text5        007F9
__ptext6                              text6        009A0
__ptext7                              text7        00A84
__ptext8                              text8        007AF
__ptext9                              text9        00B22
__size_of_INTERRUPT_InterruptManager  (abs)        00000
__size_of_Timer0_8bit_set             (abs)        00000
__size_of_Timer1_InterruptInit        (abs)        00000
__size_of_Timer1_set                  (abs)        00000
__size_of_Timer5_Interrupt_init       (abs)        00000
__size_of_Timer5_set                  (abs)        00000
__size_of__Umul8_16                   (abs)        00000
__size_of___fladd                     (abs)        00000
__size_of___fldiv                     (abs)        00000
__size_of___flmul                     (abs)        00000
__size_of___flsub                     (abs)        00000
__size_of___fltol                     (abs)        00000
__size_of___lldiv                     (abs)        00000
__size_of___xxtofl                    (abs)        00000
__size_of_enable_Global_interrupt     (abs)        00000
__size_of_enable_Peripheral_interrupt (abs)        00000
__size_of_fputc                       (abs)        00000
__size_of_main                        (abs)        00000
__size_of_map                         (abs)        00000
__size_of_port_init                   (abs)        00000
__size_of_printf                      (abs)        00000
__size_of_putch                       (abs)        00000
__size_of_serial_Interrupt_init       (abs)        00000
__size_of_uart_rx                     (abs)        00000
__size_of_uart_tx                     (abs)        00000
__size_of_vfpfcnvrt                   (abs)        00000
__size_of_vfprintf                    (abs)        00000
_command                              bssBANK1     000DA
_contRTCC                             bssCOMMON    00078
_counts                               bssBANK1     000E7
_enable_Global_interrupt              text17       00981
_enable_Peripheral_interrupt          text16       00985
_flagRTCC                             bssBANK1     000E4
_flag_Phase                           bssCOMMON    00076
_flags                                bssBANK1     000D2
_fputc                                text4        00AE1
_main                                 maintext     0065A
_map                                  text10       00D28
_map$1397                             cstackBANK0  0006A
_nout                                 bssBANK1     000CC
_port_init                            text7        00A84
_prec                                 bssBANK1     000D0
_printf                               text1        009D1
_putch                                text5        007F9
_serial_Interrupt_init                text8        007AF
_uart_rx                              text23       009E3
_uart_tx                              text6        009A0
_vfpfcnvrt                            text3        00B7D
_vfprintf                             text2        00AB0
_width                                bssBANK1     000CE
btemp                                 (abs)        0007E
clear_ram0                            clrtext      00994
end_of_initialization                 cinit        001C7
fputc@c                               cstackBANK0  00021
fputc@fp                              cstackBANK0  00023
init_ram                              inittext     0099A
int$flags                             (abs)        0007E
intlevel0                             functab      00000
intlevel1                             functab      00000
intlevel2                             functab      00000
intlevel3                             functab      00000
intlevel4                             functab      00000
intlevel5                             functab      00000
main@i                                cstackBANK2  00150
main@i_127                            cstackBANK2  00152
map@in_max                            cstackBANK1  000B5
map@in_min                            cstackBANK1  000B1
map@out_max                           cstackBANK1  000BD
map@out_min                           cstackBANK1  000B9
map@x                                 cstackBANK1  000AD
printf@ap                             cstackBANK0  0003C
printf@fmt                            cstackBANK0  00039
putch@dato                            cstackBANK0  00020
reset_vec                             reset_vec    00000
serial_Interrupt_init@baudios         cstackBANK0  0002D
serial_Interrupt_init@sx              cstackBANK0  00035
start                                 init         00196
start_initialization                  cinit        00198
uart_tx@dato                          cstackCOMMON 00075
vfpfcnvrt@ap                          cstackBANK0  0002A
vfpfcnvrt@fmt                         cstackBANK0  00029
vfpfcnvrt@fp                          cstackBANK0  00030
vfprintf@ap                           cstackBANK0  00033
vfprintf@cfmt                         cstackBANK0  00037
vfprintf@fmt                          cstackBANK0  00031
vfprintf@fp                           cstackBANK0  00036
wtemp0                                (abs)        0007E


MODULE INFORMATION

Module		Function		Class		Link	Load	Size
C:\Program Files\Microchip\xc8\v2.32\pic\sources\c99\common\sprcadd.c
		___flsub       		CODE           	0A1F	0000	32
		___fladd       		CODE           	0422	0000	568

C:\Program Files\Microchip\xc8\v2.32\pic\sources\c99\common\sprcadd.c estimated size: 600

C:\Program Files\Microchip\xc8\v2.32\pic\sources\c99\common\doprnt.c
		_vfpfcnvrt     		CODE           	0B7D	0000	126
		_vfprintf      		CODE           	0AB0	0000	49

C:\Program Files\Microchip\xc8\v2.32\pic\sources\c99\common\doprnt.c estimated size: 175

Timer5.c
		_Timer5_Interrupt_init		CODE           	0A01	0000	30
		_Timer5_set    		CODE           	09C0	0000	17

Timer5.c estimated size: 47

uart.c
		_uart_tx       		CODE           	09A0	0000	16
		_putch         		CODE           	07F9	0000	7
		_uart_rx       		CODE           	09E3	0000	30
		_serial_Interrupt_init		CODE           	07AF	0000	66

uart.c estimated size: 119

Timer1.c
		_Timer1_InterruptInit		CODE           	0A3F	0000	33
		_Timer1_set    		CODE           	098E	0000	6

Timer1.c estimated size: 39

interrupt.c
		_enable_Peripheral_interrupt		CODE           	0985	0000	4
		_enable_Global_interrupt		CODE           	0981	0000	4
		_INTERRUPT_InterruptManager		CODE           	0004	0000	402

interrupt.c estimated size: 410

Main.c
		_map           		CODE           	0D28	0000	200
		_main          		CODE           	065A	0000	341
		_port_init     		CODE           	0A84	0000	44

Main.c estimated size: 585

shared
		_ticks_PULSO_MEDIO		STRCODE        	0000	0000	0
		_Ticks4Window  		STRCODE        	0000	0000	0
		_Ticks4Minimum 		STRCODE        	0000	0000	0
		_Ticks4Maximum 		STRCODE        	0000	0000	0
		__initialization		CODE           	0198	0000	47
		_Ticks4Center  		STRCODE        	0000	0000	0
		_AJUSTE_FINO_DE_RTCC		STRCODE        	0000	0000	0
		_ticks_PULSO_MINIMO		STRCODE        	0000	0000	0
		_ticks_PULSO_MAXIMO		STRCODE        	0000	0000	0

shared estimated size: 47

C:\Program Files\Microchip\xc8\v2.32\pic\sources\c99\common\sprcmul.c
		___flmul       		CODE           	01CB	0000	599

C:\Program Files\Microchip\xc8\v2.32\pic\sources\c99\common\sprcmul.c estimated size: 599

C:\Program Files\Microchip\xc8\v2.32\pic\sources\c99\common\sprcdiv.c
		___fldiv       		CODE           	0DF0	0000	528

C:\Program Files\Microchip\xc8\v2.32\pic\sources\c99\common\sprcdiv.c estimated size: 528

C:\Program Files\Microchip\xc8\v2.32\pic\sources\c99\common\Umul8_16.c
		__Umul8_16     		CODE           	0A60	0000	36

C:\Program Files\Microchip\xc8\v2.32\pic\sources\c99\common\Umul8_16.c estimated size: 36

Timer0.c
		_Timer0_8bit_set		CODE           	0989	0000	5

Timer0.c estimated size: 5

C:\Program Files\Microchip\xc8\v2.32\pic\sources\c99\common\fltol.c
		___fltol       		CODE           	0BFB	0000	128

C:\Program Files\Microchip\xc8\v2.32\pic\sources\c99\common\fltol.c estimated size: 128

C:\Program Files\Microchip\xc8\v2.32\pic\sources\c99\common\xxtofl.c
		___xxtofl      		CODE           	0C7B	0000	173

C:\Program Files\Microchip\xc8\v2.32\pic\sources\c99\common\xxtofl.c estimated size: 173

C:\Program Files\Microchip\xc8\v2.32\pic\sources\c99\common\printf.c
		_printf        		CODE           	09D1	0000	18

C:\Program Files\Microchip\xc8\v2.32\pic\sources\c99\common\printf.c estimated size: 18

C:\Program Files\Microchip\xc8\v2.32\pic\sources\c99\common\nf_fputc.c
		_fputc         		CODE           	0AE1	0000	65

C:\Program Files\Microchip\xc8\v2.32\pic\sources\c99\common\nf_fputc.c estimated size: 65

C:\Program Files\Microchip\xc8\v2.32\pic\sources\c99\common\__lldiv.c
		___lldiv       		CODE           	0B22	0000	91

C:\Program Files\Microchip\xc8\v2.32\pic\sources\c99\common\__lldiv.c estimated size: 91

