Microchip MPLAB XC8 Compiler V2.32

Linker command line:

-W-3 --edf=C:\Program Files\Microchip\xc8\v2.32\pic\dat\en_msgs.txt -cn \
  -h+dist/default/production\1_Plantilla_MCC.X.production.sym \
  --cmf=dist/default/production\1_Plantilla_MCC.X.production.cmf -z \
  -Q16F18855 -oC:\Users\PICTRA~1\AppData\Local\Temp\xcAskfg.4 \
  --defsym=__MPLAB_BUILD=1 \
  -Mdist/default/production/1_Plantilla_MCC.X.production.map -E1 \
  -ver=XC8 Compiler --acfsm=1493 -ASTACK=02091h-023EFh -pstack=STACK \
  -ACODE=00h-07FFhx4 -ASTRCODE=00h-01FFFh -ASTRING=00h-0FFhx32 \
  -ACONST=00h-0FFhx32 -AENTRY=00h-0FFhx32 -ACOMMON=070h-07Fh \
  -ABANK0=020h-06Fh -ABANK1=0A0h-0EFh -ABANK2=0120h-016Fh \
  -ABANK3=01A0h-01EFh -ABANK4=0220h-026Fh -ABANK5=02A0h-02EFh \
  -ABANK6=0320h-036Fh -ABANK7=03A0h-03EFh -ABANK8=0420h-046Fh \
  -ABANK9=04A0h-04EFh -ABANK10=0520h-056Fh -ABANK11=05A0h-05EFh \
  -ABANK12=0620h-064Fh -ABIGRAM=02000h-023EFh \
  -ARAM=020h-06Fh,0A0h-0EFh,0120h-016Fh,01A0h-01EFh,0220h-026Fh,02A0h-02EFh,0320h-036Fh,03A0h-03EFh,0420h-046Fh,04A0h-04EFh,0520h-056Fh,05A0h-05EFh,0620h-064Fh \
  -AABS1=020h-07Fh,0A0h-0EFh,0120h-016Fh,01A0h-01EFh,0220h-026Fh,02A0h-02EFh,0320h-036Fh,03A0h-03EFh,0420h-046Fh,04A0h-04EFh,0520h-056Fh,05A0h-05EFh,0620h-064Fh \
  -ASFR0=00h-01Fh -ASFR1=080h-09Fh -ASFR2=0100h-011Fh -ASFR3=0180h-019Fh \
  -ASFR4=0200h-021Fh -ASFR5=0280h-029Fh -ASFR6=0300h-031Fh \
  -ASFR7=0380h-039Fh -ASFR8=0400h-041Fh -ASFR9=0480h-049Fh \
  -ASFR10=0500h-051Fh -ASFR11=0580h-059Fh -ASFR12=0600h-061Fh \
  -ASFR13=0680h-06EFh -ASFR14=0700h-076Fh -ASFR15=0780h-07EFh \
  -ASFR16=0800h-086Fh -ASFR17=0880h-08EFh -ASFR18=0900h-096Fh \
  -ASFR19=0980h-09EFh -ASFR20=0A00h-0A6Fh -ASFR21=0A80h-0AEFh \
  -ASFR22=0B00h-0B6Fh -ASFR23=0B80h-0BEFh -ASFR24=0C00h-0C6Fh \
  -ASFR25=0C80h-0CEFh -ASFR26=0D00h-0D6Fh -ASFR27=0D80h-0DEFh \
  -ASFR28=0E00h-0E6Fh -ASFR29=0E80h-0EEFh -ASFR30=0F00h-0F6Fh \
  -ASFR31=0F80h-0FEFh -ACONFIG=08007h-0800Bh -DCONFIG=2 \
  -AIDLOC=08000h-08003h -DIDLOC=2 -AEEDATA=00h-0FFh/0F000h \
  -peeprom_data=EEDATA -DEEDATA=2 -DCODE=2 -DSTRCODE=2 -DSTRING=2 -DCONST=2 \
  -DENTRY=2 -preset_vec=00h,intentry=04h,init,end_init -ppowerup=CODE \
  -pcinit=CODE -pfunctab=ENTRY -k \
  C:\Users\PICTRA~1\AppData\Local\Temp\xcAskfg.o \
  dist/default/production\1_Plantilla_MCC.X.production.o 

Object code version is 3.11

Machine type is 16F18855



                Name                               Link     Load   Length Selector   Space Scale
C:\Users\PICTRA~1\AppData\Local\Temp\xcAskfg.o
                end_init                             CC       CC        2        8       0
                reset_vec                             0        0        2        0       0
                config                             8007     8007        5        0       4
                idloc                              8000     8000        4        0       5
dist/default/production\1_Plantilla_MCC.X.production.o
                cinit                                CE       CE       19        8       0
                intentry                              4        4       C8        8       0
                config                             8007     8007        5        0       4
                idloc                              8000     8000        4        0       5
                text43                              41F      41F       12      72E       0
                text42                              397      397       1A      72E       0
                text41                              4ED      4ED        4      72E       0
                text40                              4F9      4F9        1      9EC       0
                text39                              4E9      4E9        4      72E       0
                text38                              21E      21E       3A        8       0
                text37                              313      313       22        8       0
                text36                              40C      40C       13      72E       0
                text35                              4F8      4F8        1      9EC       0
                text34                              471      471        F      72E       0
                text33                              4E4      4E4        5      72E       0
                text32                              4F7      4F7        1      9EC       0
                text31                              442      442       11      72E       0
                text30                              3E0      3E0       17      72E       0
                text29                              4F6      4F6        1      9EC       0
                text28                              431      431       11      72E       0
                text27                              3C9      3C9       17      72E       0
                text26                               E7       E7       90        8       0
                text25                              290      290       33        8       0
                text24                              177      177       62        8       0
                text22                              3B1      3B1       18      72E       0
                text21                              4DE      4DE        6      72E       0
                text20                              4D8      4D8        6      72E       0
                text19                              4D2      4D2        6      72E       0
                text18                              4CC      4CC        6      72E       0
                text17                              4C6      4C6        6      72E       0
                text16                              1D9      1D9       45        8       0
                text15                              495      495        9      72E       0
                text14                              48C      48C        9      72E       0
                text13                              258      258       38        8       0
                text12                              4A6      4A6        8      72E       0
                text11                              480      480        C      72E       0
                text10                              4C0      4C0        6      72E       0
                text9                               3F7      3F7       15      72E       0
                text8                               4BA      4BA        6      72E       0
                text7                               356      356       21        8       0
                text6                               462      462        F      72E       0
                text5                               4B4      4B4        6      72E       0
                text4                               335      335       21        8       0
                text3                               453      453        F      72E       0
                text2                               2EE      2EE       25        8       0
                text1                               49E      49E        8      72E       0
                maintext                            2C3      2C3       2B        8       0
                cstackBANK0                          20       20       32       20       1
                cstackCOMMON                         70       70        E       70       1
                cstackBANK1                          DA       DA        6       A0       1
                clrtext                             4AE      4AE        6      72E       0
                dataBANK1                            E0       E0        1       A0       1
                bssBANK1                             A0       A0       25       A0       1
                bssBANK0                             52       52       1D       20       1
                nvBANK1                              C5       C5       15       A0       1
                stringtext5                         4F5      4F5        1      9E4       0
                stringtext4                         4F4      4F4        1      9E4       0
                stringtext3                         4F3      4F3        1      9E4       0
                stringtext2                         4F2      4F2        1      9E4       0
                stringtext1                         377      377       20      6EE       0
                idataBANK1                          4F1      4F1        1      72E       0

TOTAL           Name                               Link     Load   Length     Space
        CLASS   STACK          

        CLASS   CODE           
                end_init                             CC       CC        2         0
                cinit                                CE       CE       19         0
                intentry                              4        4       C8         0
                reset_vec                             0        0        2         0
                text43                              41F      41F       12         0
                text42                              397      397       1A         0
                text41                              4ED      4ED        4         0
                text40                              4F9      4F9        1         0
                text39                              4E9      4E9        4         0
                text38                              21E      21E       3A         0
                text37                              313      313       22         0
                text36                              40C      40C       13         0
                text35                              4F8      4F8        1         0
                text34                              471      471        F         0
                text33                              4E4      4E4        5         0
                text32                              4F7      4F7        1         0
                text31                              442      442       11         0
                text30                              3E0      3E0       17         0
                text29                              4F6      4F6        1         0
                text28                              431      431       11         0
                text27                              3C9      3C9       17         0
                text26                               E7       E7       90         0
                text25                              290      290       33         0
                text24                              177      177       62         0
                text22                              3B1      3B1       18         0
                text21                              4DE      4DE        6         0
                text20                              4D8      4D8        6         0
                text19                              4D2      4D2        6         0
                text18                              4CC      4CC        6         0
                text17                              4C6      4C6        6         0
                text16                              1D9      1D9       45         0
                text15                              495      495        9         0
                text14                              48C      48C        9         0
                text13                              258      258       38         0
                text12                              4A6      4A6        8         0
                text11                              480      480        C         0
                text10                              4C0      4C0        6         0
                text9                               3F7      3F7       15         0
                text8                               4BA      4BA        6         0
                text7                               356      356       21         0
                text6                               462      462        F         0
                text5                               4B4      4B4        6         0
                text4                               335      335       21         0
                text3                               453      453        F         0
                text2                               2EE      2EE       25         0
                text1                               49E      49E        8         0
                maintext                            2C3      2C3       2B         0
                clrtext                             4AE      4AE        6         0
                idataBANK1                          4F1      4F1        1         0

        CLASS   STRCODE        
                stringtext5                         4F5      4F5        1         0
                stringtext4                         4F4      4F4        1         0
                stringtext3                         4F3      4F3        1         0
                stringtext2                         4F2      4F2        1         0
                stringtext1                         377      377       20         0

        CLASS   STRING         

        CLASS   CONST          

        CLASS   ENTRY          

        CLASS   COMMON         
                cstackCOMMON                         70       70        E         1

        CLASS   BANK0          
                cstackBANK0                          20       20       32         1
                bssBANK0                             52       52       1D         1

        CLASS   BANK1          
                cstackBANK1                          DA       DA        6         1
                dataBANK1                            E0       E0        1         1
                bssBANK1                             A0       A0       25         1
                nvBANK1                              C5       C5       15         1

        CLASS   BANK2          

        CLASS   BANK3          

        CLASS   BANK4          

        CLASS   BANK5          

        CLASS   BANK6          

        CLASS   BANK7          

        CLASS   BANK8          

        CLASS   BANK9          

        CLASS   BANK10         

        CLASS   BANK11         

        CLASS   BANK12         

        CLASS   BIGRAM         

        CLASS   RAM            

        CLASS   ABS1           
                abs_s1                               7E       7E        2         1

        CLASS   SFR0           

        CLASS   SFR1           

        CLASS   SFR2           

        CLASS   SFR3           

        CLASS   SFR4           

        CLASS   SFR5           

        CLASS   SFR6           

        CLASS   SFR7           

        CLASS   SFR8           

        CLASS   SFR9           

        CLASS   SFR10          

        CLASS   SFR11          

        CLASS   SFR12          

        CLASS   SFR13          

        CLASS   SFR14          

        CLASS   SFR15          

        CLASS   SFR16          

        CLASS   SFR17          

        CLASS   SFR18          

        CLASS   SFR19          

        CLASS   SFR20          

        CLASS   SFR21          

        CLASS   SFR22          

        CLASS   SFR23          

        CLASS   SFR24          

        CLASS   SFR25          

        CLASS   SFR26          

        CLASS   SFR27          

        CLASS   SFR28          

        CLASS   SFR29          

        CLASS   SFR30          

        CLASS   SFR31          

        CLASS   CONFIG         
                config                             8007     8007        5         4

        CLASS   IDLOC          
                idloc                              8000     8000        4         5

        CLASS   EEDATA         

        CLASS   BANK31         

        CLASS   BANK30         

        CLASS   BANK29         

        CLASS   BANK28         

        CLASS   BANK27         

        CLASS   BANK26         

        CLASS   BANK25         

        CLASS   BANK24         

        CLASS   BANK23         

        CLASS   BANK22         

        CLASS   BANK21         

        CLASS   BANK20         

        CLASS   BANK19         

        CLASS   BANK18         

        CLASS   BANK17         

        CLASS   BANK16         

        CLASS   BANK15         

        CLASS   BANK14         

        CLASS   BANK13         



SEGMENTS        Name                           Load    Length   Top    Selector   Space  Class     Delta

                reset_vec                      000000  000002  000002         0       0  CODE        2
                intentry                       000004  000373  000377         8       0  CODE        2
                cstackBANK0                    000020  00004F  00006F        20       1  BANK0       1
                cstackCOMMON                   000070  00000E  00007E        70       1  COMMON      1
                bssBANK1                       0000A0  000041  0000E1        A0       1  BANK1       1
                stringtext1                    000377  000020  000397       6EE       0  STRCODE     2
                text42                         000397  00015B  0004F2       72E       0  CODE        2
                stringtext2                    0004F2  000004  0004F6       9E4       0  STRCODE     2
                text29                         0004F6  000004  0004FA       9EC       0  CODE        2


UNUSED ADDRESS RANGES

        Name                Unused          Largest block    Delta
        BANK0            0006F-0006F               1           1
        BANK1            000E1-000EF               F           1
        BANK10           00520-0056F              50           1
        BANK11           005A0-005EF              50           1
        BANK12           00620-0064F              30           1
        BANK2            00120-0016F              50           1
        BANK3            001A0-001EF              50           1
        BANK4            00220-0026F              50           1
        BANK5            002A0-002EF              50           1
        BANK6            00320-0036F              50           1
        BANK7            003A0-003EF              50           1
        BANK8            00420-0046F              50           1
        BANK9            004A0-004EF              50           1
        BIGRAM           02000-023EF             3F0           1
        CODE             00002-00003               2           2
                         004FA-01FFF             800
        CONST            00002-00003               2           2
                         004FA-01FFF             100
        EEDATA           0F000-0F0FF             100           2
        ENTRY            00002-00003               2           2
                         004FA-01FFF             100
        RAM              0006F-0006F               1           1
                         000E1-000EF               F
                         00120-0016F              50
                         001A0-001EF              50
                         00220-0026F              50
                         002A0-002EF              50
                         00320-0036F              50
                         003A0-003EF              50
                         00420-0046F              50
                         004A0-004EF              50
                         00520-0056F              50
                         005A0-005EF              50
                         00620-0064F              30
        SFR0             00000-0001F              20           1
        SFR1             00080-0009F              20           1
        SFR10            00500-0051F              20           1
        SFR11            00580-0059F              20           1
        SFR12            00600-0061F              20           1
        SFR13            00680-006EF              70           1
        SFR14            00700-0076F              70           1
        SFR15            00780-007EF              70           1
        SFR16            00800-0086F              70           1
        SFR17            00880-008EF              70           1
        SFR18            00900-0096F              70           1
        SFR19            00980-009EF              70           1
        SFR2             00100-0011F              20           1
        SFR20            00A00-00A6F              70           1
        SFR21            00A80-00AEF              70           1
        SFR22            00B00-00B6F              70           1
        SFR23            00B80-00BEF              70           1
        SFR24            00C00-00C6F              70           1
        SFR25            00C80-00CEF              70           1
        SFR26            00D00-00D6F              70           1
        SFR27            00D80-00DEF              70           1
        SFR28            00E00-00E6F              70           1
        SFR29            00E80-00EEF              70           1
        SFR3             00180-0019F              20           1
        SFR30            00F00-00F6F              70           1
        SFR31            00F80-00FEF              70           1
        SFR4             00200-0021F              20           1
        SFR5             00280-0029F              20           1
        SFR6             00300-0031F              20           1
        SFR7             00380-0039F              20           1
        SFR8             00400-0041F              20           1
        SFR9             00480-0049F              20           1
        STACK            02091-023EF             35F           1
        STRCODE          00002-00003               2           2
                         004FA-01FFF            1B06
        STRING           00002-00003               2           2
                         004FA-01FFF             100

                                  Symbol Table

?_ADCC_GetSingleConversion                     cstackCOMMON 00070
?___aldiv                                      cstackBANK0  00020
?___lmul                                       cstackCOMMON 00070
?_map                                          cstackBANK0  0002E
ADCC_GetSingleConversion@channel               cstackCOMMON 00072
EUSART_SetErrorHandler@interruptHandler        cstackBANK1  000DA
EUSART_SetFramingErrorHandler@interruptHandler cstackBANK1  000DA
EUSART_SetOverrunErrorHandler@interruptHandler cstackBANK1  000DA
EUSART_SetRxInterruptHandler@interruptHandler  cstackBANK1  000DA
EUSART_SetTxInterruptHandler@interruptHandler  cstackBANK1  000DA
PWM5_LoadDutyValue@dutyValue                   cstackCOMMON 00070
TMR0_ReadTimer@readVal                         cstackBANK1  000DB
TMR0_SetInterruptHandler@InterruptHandler      cstackBANK1  000DA
TMR0_WriteTimer@timerVal                       cstackCOMMON 00070
TMR1_SetInterruptHandler@InterruptHandler      cstackBANK1  000DA
TMR1_WriteTimer@timerVal                       cstackCOMMON 00070
TMR3_SetInterruptHandler@InterruptHandler      cstackBANK1  000DA
TMR3_WriteTimer@timerVal                       cstackCOMMON 00070
_ADACCH                                        (abs)        00091
_ADACCL                                        (abs)        00090
_ADACQ                                         (abs)        0009D
_ADACT                                         (abs)        00099
_ADCAP                                         (abs)        0009B
_ADCC                                          bssBANK0     0006A
_ADCC_GetSingleConversion                      text43       0041F
_ADCC_Initialize                               text22       003B1
_ADCLK                                         (abs)        00098
_ADCNT                                         (abs)        0010C
_ADCON0                                        (abs)        00093
_ADCON0bits                                    (abs)        00093
_ADCON1                                        (abs)        00094
_ADCON1bits                                    (abs)        00094
_ADCON2                                        (abs)        00095
_ADCON2bits                                    (abs)        00095
_ADCON3                                        (abs)        00096
_ADCON3bits                                    (abs)        00096
_ADERRH                                        (abs)        00117
_ADERRL                                        (abs)        00116
_ADFLTRH                                       (abs)        00115
_ADFLTRL                                       (abs)        00114
_ADLTHH                                        (abs)        0010F
_ADLTHL                                        (abs)        0010E
_ADPCH                                         (abs)        0009E
_ADPRE                                         (abs)        0009C
_ADPREVH                                       (abs)        0008F
_ADPREVL                                       (abs)        0008E
_ADREF                                         (abs)        0009A
_ADRESH                                        (abs)        0008D
_ADRESL                                        (abs)        0008C
_ADRPT                                         (abs)        0010D
_ADSTAT                                        (abs)        00097
_ADSTATbits                                    (abs)        00097
_ADSTPTH                                       (abs)        00113
_ADSTPTL                                       (abs)        00112
_ADUTHH                                        (abs)        00111
_ADUTHL                                        (abs)        00110
_ANSELA                                        (abs)        00F38
_ANSELB                                        (abs)        00F43
_ANSELC                                        (abs)        00F4E
_BAUD1CON                                      (abs)        0011F
_CCP5CON                                       (abs)        0031E
_CCP5CONbits                                   (abs)        0031E
_CCPR5H                                        (abs)        0031D
_CCPR5L                                        (abs)        0031C
_CCPTMRS1bits                                  (abs)        0021F
_EUSART_DefaultErrorHandler                    text41       004ED
_EUSART_DefaultFramingErrorHandler             text40       004F9
_EUSART_DefaultOverrunErrorHandler             text39       004E9
_EUSART_ErrorHandler                           nvBANK1      000CF
_EUSART_FramingErrorHandler                    nvBANK1      000D3
_EUSART_Initialize                             text16       001D9
_EUSART_OverrunErrorHandler                    nvBANK1      000D1
_EUSART_Receive_ISR                            text38       0021E
_EUSART_RxDataHandler                          text42       00397
_EUSART_RxDefaultInterruptHandler              nvBANK1      000D5
_EUSART_SetErrorHandler                        text21       004DE
_EUSART_SetFramingErrorHandler                 text20       004D8
_EUSART_SetOverrunErrorHandler                 text19       004D2
_EUSART_SetRxInterruptHandler                  text18       004CC
_EUSART_SetTxInterruptHandler                  text17       004C6
_EUSART_Transmit_ISR                           text37       00313
_EUSART_TxDefaultInterruptHandler              nvBANK1      000D7
_I2C1_CallbackReturnReset                      (abs)        00000
_I2C1_CallbackReturnStop                       (abs)        00000
_I2C1_DO_ADDRESS_NACK                          (abs)        00000
_I2C1_DO_IDLE                                  (abs)        00000
_I2C1_DO_RCEN                                  (abs)        00000
_I2C1_DO_RESET                                 (abs)        00000
_I2C1_DO_RX                                    (abs)        00000
_I2C1_DO_RX_ACK                                (abs)        00000
_I2C1_DO_RX_NACK_RESTART                       (abs)        00000
_I2C1_DO_RX_NACK_STOP                          (abs)        00000
_I2C1_DO_SEND_ADR_READ                         (abs)        00000
_I2C1_DO_SEND_ADR_WRITE                        (abs)        00000
_I2C1_DO_SEND_RESTART                          (abs)        00000
_I2C1_DO_SEND_RESTART_READ                     (abs)        00000
_I2C1_DO_SEND_RESTART_WRITE                    (abs)        00000
_I2C1_DO_SEND_STOP                             (abs)        00000
_I2C1_DO_TX                                    (abs)        00000
_I2C1_DO_TX_EMPTY                              (abs)        00000
_I2C1_Initialize                               text15       00495
_I2C1_Status                                   bssBANK1     000A0
_INLVLA                                        (abs)        00F3C
_INLVLB                                        (abs)        00F47
_INLVLC                                        (abs)        00F52
_INLVLE                                        (abs)        00F68
_INTCONbits                                    (abs)        0000B
_INTERRUPT_InterruptManager                    intentry     00004
_LATA                                          (abs)        00016
_LATAbits                                      (abs)        00016
_LATB                                          (abs)        00017
_LATC                                          (abs)        00018
_LATCbits                                      (abs)        00018
_ODCONA                                        (abs)        00F3A
_ODCONB                                        (abs)        00F45
_ODCONC                                        (abs)        00F50
_OSCCON1                                       (abs)        0088D
_OSCCON3                                       (abs)        0088F
_OSCEN                                         (abs)        00891
_OSCFRQ                                        (abs)        00893
_OSCILLATOR_Initialize                         text14       0048C
_OSCTUNE                                       (abs)        00892
_PIE0bits                                      (abs)        00716
_PIE3bits                                      (abs)        00719
_PIE4bits                                      (abs)        0071A
_PIN_MANAGER_Initialize                        text13       00258
_PIR0bits                                      (abs)        0070C
_PIR3bits                                      (abs)        0070F
_PIR4bits                                      (abs)        00710
_PMD0                                          (abs)        00796
_PMD1                                          (abs)        00797
_PMD2                                          (abs)        00798
_PMD3                                          (abs)        00799
_PMD4                                          (abs)        0079A
_PMD5                                          (abs)        0079B
_PMD_Initialize                                text12       004A6
_PR2                                           (abs)        0028D
_PR4                                           (abs)        00293
_PWM5_Initialize                               text11       00480
_PWM5_LoadDutyValue                            text36       0040C
_RA3PPS                                        (abs)        00F13
_RC0PPS                                        (abs)        00F20
_RC1REG                                        (abs)        00119
_RC1STA                                        (abs)        0011D
_RC1STAbits                                    (abs)        0011D
_RC3PPS                                        (abs)        00F23
_RC4PPS                                        (abs)        00F24
_RXPPS                                         (abs)        00ECB
_SLRCONA                                       (abs)        00F3B
_SLRCONB                                       (abs)        00F46
_SLRCONC                                       (abs)        00F51
_SP1BRGH                                       (abs)        0011C
_SP1BRGL                                       (abs)        0011B
_SSP1ADD                                       (abs)        0018D
_SSP1BUF                                       (abs)        0018C
_SSP1CLKPPS                                    (abs)        00EC5
_SSP1CON1                                      (abs)        00190
_SSP1CON1bits                                  (abs)        00190
_SSP1CON2                                      (abs)        00191
_SSP1CON2bits                                  (abs)        00191
_SSP1DATPPS                                    (abs)        00EC6
_SSP1STAT                                      (abs)        0018F
_SSP1STATbits                                  (abs)        0018F
_SYSTEM_Initialize                             text2        002EE
_T0CON0                                        (abs)        0001E
_T0CON0bits                                    (abs)        0001E
_T0CON1                                        (abs)        0001F
_T1CLK                                         (abs)        00211
_T1CON                                         (abs)        0020E
_T1CONbits                                     (abs)        0020E
_T1GATE                                        (abs)        00210
_T1GCON                                        (abs)        0020F
_T1GCONbits                                    (abs)        0020F
_T2CLKCON                                      (abs)        00290
_T2CON                                         (abs)        0028E
_T2CONbits                                     (abs)        0028E
_T2HLT                                         (abs)        0028F
_T2HLTbits                                     (abs)        0028F
_T2PR                                          (abs)        0028D
_T2RST                                         (abs)        00291
_T2RSTbits                                     (abs)        00291
_T2TMR                                         (abs)        0028C
_T3CLK                                         (abs)        00217
_T3CON                                         (abs)        00214
_T3CONbits                                     (abs)        00214
_T3GATE                                        (abs)        00216
_T3GCON                                        (abs)        00215
_T3GCONbits                                    (abs)        00215
_T4CLKCON                                      (abs)        00296
_T4CON                                         (abs)        00294
_T4CONbits                                     (abs)        00294
_T4HLT                                         (abs)        00295
_T4HLTbits                                     (abs)        00295
_T4PR                                          (abs)        00293
_T4RST                                         (abs)        00297
_T4RSTbits                                     (abs)        00297
_T4TMR                                         (abs)        00292
_TMR0H                                         (abs)        0001D
_TMR0L                                         (abs)        0001C
_TMR0_DefaultInterruptHandler                  text35       004F8
_TMR0_ISR                                      text34       00471
_TMR0_Initialize                               text9        003F7
_TMR0_InterruptHandler                         nvBANK1      000CD
_TMR0_ReadTimer                                text1        0049E
_TMR0_SetInterruptHandler                      text10       004C0
_TMR0_WriteTimer                               text33       004E4
_TMR1H                                         (abs)        0020D
_TMR1L                                         (abs)        0020C
_TMR1_DefaultInterruptHandler                  text32       004F7
_TMR1_ISR                                      text30       003E0
_TMR1_Initialize                               text7        00356
_TMR1_InterruptHandler                         nvBANK1      000C9
_TMR1_SetInterruptHandler                      text8        004BA
_TMR1_WriteTimer                               text31       00442
_TMR2                                          (abs)        0028C
_TMR2_Initialize                               text6        00462
_TMR3H                                         (abs)        00213
_TMR3L                                         (abs)        00212
_TMR3_DefaultInterruptHandler                  text29       004F6
_TMR3_ISR                                      text27       003C9
_TMR3_Initialize                               text4        00335
_TMR3_InterruptHandler                         nvBANK1      000C5
_TMR3_SetInterruptHandler                      text5        004B4
_TMR3_WriteTimer                               text28       00431
_TMR4                                          (abs)        00292
_TMR4_Initialize                               text3        00453
_TRISA                                         (abs)        00011
_TRISB                                         (abs)        00012
_TRISC                                         (abs)        00013
_TX1REG                                        (abs)        0011A
_TX1STA                                        (abs)        0011E
_TX1STAbits                                    (abs)        0011E
_WPUA                                          (abs)        00F39
_WPUB                                          (abs)        00F44
_WPUC                                          (abs)        00F4F
_WPUE                                          (abs)        00F65
__Habs1                                        abs1         00000
__Hbank0                                       bank0        00000
__Hbank1                                       bank1        00000
__Hbank10                                      bank10       00000
__Hbank11                                      bank11       00000
__Hbank12                                      bank12       00000
__Hbank13                                      bank13       00000
__Hbank14                                      bank14       00000
__Hbank15                                      bank15       00000
__Hbank16                                      bank16       00000
__Hbank17                                      bank17       00000
__Hbank18                                      bank18       00000
__Hbank19                                      bank19       00000
__Hbank2                                       bank2        00000
__Hbank20                                      bank20       00000
__Hbank21                                      bank21       00000
__Hbank22                                      bank22       00000
__Hbank23                                      bank23       00000
__Hbank24                                      bank24       00000
__Hbank25                                      bank25       00000
__Hbank26                                      bank26       00000
__Hbank27                                      bank27       00000
__Hbank28                                      bank28       00000
__Hbank29                                      bank29       00000
__Hbank3                                       bank3        00000
__Hbank30                                      bank30       00000
__Hbank31                                      bank31       00000
__Hbank4                                       bank4        00000
__Hbank5                                       bank5        00000
__Hbank6                                       bank6        00000
__Hbank7                                       bank7        00000
__Hbank8                                       bank8        00000
__Hbank9                                       bank9        00000
__Hbigram                                      bigram       00000
__HbssBANK0                                    bssBANK0     00000
__HbssBANK1                                    bssBANK1     00000
__Hcinit                                       cinit        000E7
__Hclrtext                                     clrtext      00000
__Hcode                                        code         00000
__Hcommon                                      common       00000
__Hconfig                                      config       0800C
__HcstackBANK0                                 cstackBANK0  00000
__HcstackBANK1                                 cstackBANK1  00000
__HcstackCOMMON                                cstackCOMMON 00000
__HdataBANK1                                   dataBANK1    00000
__Heeprom_data                                 eeprom_data  00000
__Hend_init                                    end_init     000CE
__Hfunctab                                     functab      00000
__HidataBANK1                                  idataBANK1   00000
__Hidloc                                       idloc        08004
__Hinit                                        init         000CC
__Hintentry                                    intentry     000CC
__Hmaintext                                    maintext     00000
__HnvBANK1                                     nvBANK1      00000
__Hpowerup                                     powerup      00000
__Hram                                         ram          00000
__Hreset_vec                                   reset_vec    00002
__Hsfr0                                        sfr0         00000
__Hsfr1                                        sfr1         00000
__Hsfr10                                       sfr10        00000
__Hsfr11                                       sfr11        00000
__Hsfr12                                       sfr12        00000
__Hsfr13                                       sfr13        00000
__Hsfr14                                       sfr14        00000
__Hsfr15                                       sfr15        00000
__Hsfr16                                       sfr16        00000
__Hsfr17                                       sfr17        00000
__Hsfr18                                       sfr18        00000
__Hsfr19                                       sfr19        00000
__Hsfr2                                        sfr2         00000
__Hsfr20                                       sfr20        00000
__Hsfr21                                       sfr21        00000
__Hsfr22                                       sfr22        00000
__Hsfr23                                       sfr23        00000
__Hsfr24                                       sfr24        00000
__Hsfr25                                       sfr25        00000
__Hsfr26                                       sfr26        00000
__Hsfr27                                       sfr27        00000
__Hsfr28                                       sfr28        00000
__Hsfr29                                       sfr29        00000
__Hsfr3                                        sfr3         00000
__Hsfr30                                       sfr30        00000
__Hsfr31                                       sfr31        00000
__Hsfr4                                        sfr4         00000
__Hsfr5                                        sfr5         00000
__Hsfr6                                        sfr6         00000
__Hsfr7                                        sfr7         00000
__Hsfr8                                        sfr8         00000
__Hsfr9                                        sfr9         00000
__Hspace_0                                     (abs)        004FA
__Hspace_1                                     (abs)        000E1
__Hspace_2                                     (abs)        00000
__Hspace_3                                     (abs)        00000
__Hspace_4                                     (abs)        10013
__Hstack                                       stack        00000
__Hstrings                                     strings      00000
__Hstringtext1                                 stringtext1  00000
__Hstringtext2                                 stringtext2  00000
__Hstringtext3                                 stringtext3  00000
__Hstringtext4                                 stringtext4  00000
__Hstringtext5                                 stringtext5  00000
__Htext                                        text         00000
__Labs1                                        abs1         00000
__Lbank0                                       bank0        00000
__Lbank1                                       bank1        00000
__Lbank10                                      bank10       00000
__Lbank11                                      bank11       00000
__Lbank12                                      bank12       00000
__Lbank13                                      bank13       00000
__Lbank14                                      bank14       00000
__Lbank15                                      bank15       00000
__Lbank16                                      bank16       00000
__Lbank17                                      bank17       00000
__Lbank18                                      bank18       00000
__Lbank19                                      bank19       00000
__Lbank2                                       bank2        00000
__Lbank20                                      bank20       00000
__Lbank21                                      bank21       00000
__Lbank22                                      bank22       00000
__Lbank23                                      bank23       00000
__Lbank24                                      bank24       00000
__Lbank25                                      bank25       00000
__Lbank26                                      bank26       00000
__Lbank27                                      bank27       00000
__Lbank28                                      bank28       00000
__Lbank29                                      bank29       00000
__Lbank3                                       bank3        00000
__Lbank30                                      bank30       00000
__Lbank31                                      bank31       00000
__Lbank4                                       bank4        00000
__Lbank5                                       bank5        00000
__Lbank6                                       bank6        00000
__Lbank7                                       bank7        00000
__Lbank8                                       bank8        00000
__Lbank9                                       bank9        00000
__Lbigram                                      bigram       00000
__LbssBANK0                                    bssBANK0     00000
__LbssBANK1                                    bssBANK1     00000
__Lcinit                                       cinit        000CE
__Lclrtext                                     clrtext      00000
__Lcode                                        code         00000
__Lcommon                                      common       00000
__Lconfig                                      config       00000
__LcstackBANK0                                 cstackBANK0  00000
__LcstackBANK1                                 cstackBANK1  00000
__LcstackCOMMON                                cstackCOMMON 00000
__LdataBANK1                                   dataBANK1    00000
__Leeprom_data                                 eeprom_data  00000
__Lend_init                                    end_init     000CC
__Lfunctab                                     functab      00000
__LidataBANK1                                  idataBANK1   00000
__Lidloc                                       idloc        00000
__Linit                                        init         000CC
__Lintentry                                    intentry     00004
__Lmaintext                                    maintext     00000
__LnvBANK1                                     nvBANK1      00000
__Lpowerup                                     powerup      00000
__Lram                                         ram          00000
__Lreset_vec                                   reset_vec    00000
__Lsfr0                                        sfr0         00000
__Lsfr1                                        sfr1         00000
__Lsfr10                                       sfr10        00000
__Lsfr11                                       sfr11        00000
__Lsfr12                                       sfr12        00000
__Lsfr13                                       sfr13        00000
__Lsfr14                                       sfr14        00000
__Lsfr15                                       sfr15        00000
__Lsfr16                                       sfr16        00000
__Lsfr17                                       sfr17        00000
__Lsfr18                                       sfr18        00000
__Lsfr19                                       sfr19        00000
__Lsfr2                                        sfr2         00000
__Lsfr20                                       sfr20        00000
__Lsfr21                                       sfr21        00000
__Lsfr22                                       sfr22        00000
__Lsfr23                                       sfr23        00000
__Lsfr24                                       sfr24        00000
__Lsfr25                                       sfr25        00000
__Lsfr26                                       sfr26        00000
__Lsfr27                                       sfr27        00000
__Lsfr28                                       sfr28        00000
__Lsfr29                                       sfr29        00000
__Lsfr3                                        sfr3         00000
__Lsfr30                                       sfr30        00000
__Lsfr31                                       sfr31        00000
__Lsfr4                                        sfr4         00000
__Lsfr5                                        sfr5         00000
__Lsfr6                                        sfr6         00000
__Lsfr7                                        sfr7         00000
__Lsfr8                                        sfr8         00000
__Lsfr9                                        sfr9         00000
__Lspace_0                                     (abs)        00000
__Lspace_1                                     (abs)        00000
__Lspace_2                                     (abs)        00000
__Lspace_3                                     (abs)        00000
__Lspace_4                                     (abs)        00000
__Lstack                                       stack        00000
__Lstrings                                     strings      00000
__Lstringtext1                                 stringtext1  00000
__Lstringtext2                                 stringtext2  00000
__Lstringtext3                                 stringtext3  00000
__Lstringtext4                                 stringtext4  00000
__Lstringtext5                                 stringtext5  00000
__Ltext                                        text         00000
__S0                                           (abs)        004FA
__S1                                           (abs)        000E1
__S2                                           (abs)        00000
__S3                                           (abs)        00000
___aldiv                                       text26       000E7
___aldiv@counter                               cstackBANK0  00028
___aldiv@dividend                              cstackBANK0  00024
___aldiv@divisor                               cstackBANK0  00020
___aldiv@quotient                              cstackBANK0  0002A
___aldiv@sign                                  cstackBANK0  00029
___int_sp                                      stack        00000
___latbits                                     (abs)        00002
___lmul                                        text25       00290
___lmul@multiplicand                           cstackCOMMON 00074
___lmul@multiplier                             cstackCOMMON 00070
___lmul@product                                cstackCOMMON 00078
___sp                                          stack        00000
___stackhi                                     (abs)        023EF
___stacklo                                     (abs)        02091
__end_of_ADCC_GetSingleConversion              text43       00431
__end_of_ADCC_Initialize                       text22       003C9
__end_of_AJUSTE_FINO_DE_RTCC                   stringtext5  004F6
__end_of_EUSART_DefaultErrorHandler            text41       004F1
__end_of_EUSART_DefaultFramingErrorHandler     text40       004FA
__end_of_EUSART_DefaultOverrunErrorHandler     text39       004ED
__end_of_EUSART_Initialize                     text16       0021E
__end_of_EUSART_Receive_ISR                    text38       00258
__end_of_EUSART_RxDataHandler                  text42       003B1
__end_of_EUSART_SetErrorHandler                text21       004E4
__end_of_EUSART_SetFramingErrorHandler         text20       004DE
__end_of_EUSART_SetOverrunErrorHandler         text19       004D8
__end_of_EUSART_SetRxInterruptHandler          text18       004D2
__end_of_EUSART_SetTxInterruptHandler          text17       004CC
__end_of_EUSART_Transmit_ISR                   text37       00335
__end_of_I2C1_Initialize                       text15       0049E
__end_of_INTERRUPT_InterruptManager            intentry     000CC
__end_of_OSCILLATOR_Initialize                 text14       00495
__end_of_PIN_MANAGER_Initialize                text13       00290
__end_of_PMD_Initialize                        text12       004AE
__end_of_PWM5_Initialize                       text11       0048C
__end_of_PWM5_LoadDutyValue                    text36       0041F
__end_of_SYSTEM_Initialize                     text2        00313
__end_of_TMR0_DefaultInterruptHandler          text35       004F9
__end_of_TMR0_ISR                              text34       00480
__end_of_TMR0_Initialize                       text9        0040C
__end_of_TMR0_ReadTimer                        text1        004A6
__end_of_TMR0_SetInterruptHandler              text10       004C6
__end_of_TMR0_WriteTimer                       text33       004E9
__end_of_TMR1_DefaultInterruptHandler          text32       004F8
__end_of_TMR1_ISR                              text30       003F7
__end_of_TMR1_Initialize                       text7        00377
__end_of_TMR1_SetInterruptHandler              text8        004C0
__end_of_TMR1_WriteTimer                       text31       00453
__end_of_TMR2_Initialize                       text6        00471
__end_of_TMR3_DefaultInterruptHandler          text29       004F7
__end_of_TMR3_ISR                              text27       003E0
__end_of_TMR3_Initialize                       text4        00356
__end_of_TMR3_SetInterruptHandler              text5        004BA
__end_of_TMR3_WriteTimer                       text28       00442
__end_of_TMR4_Initialize                       text3        00462
__end_of___aldiv                               text26       00177
__end_of___lmul                                text25       002C3
__end_of__initialization                       cinit        000E3
__end_of_i2c1_fsmStateTable                    stringtext1  00397
__end_of_main                                  maintext     002EE
__end_of_map                                   text24       001D9
__end_of_ticks_PULSO_MAXIMO                    stringtext2  004F3
__end_of_ticks_PULSO_MEDIO                     stringtext3  004F4
__end_of_ticks_PULSO_MINIMO                    stringtext4  004F5
__initialization                               cinit        000CE
__pbssBANK0                                    bssBANK0     00052
__pbssBANK1                                    bssBANK1     000A0
__pcstackBANK0                                 cstackBANK0  00020
__pcstackBANK1                                 cstackBANK1  000DA
__pcstackCOMMON                                cstackCOMMON 00070
__pdataBANK1                                   dataBANK1    000E0
__pidataBANK1                                  idataBANK1   004F1
__pintentry                                    intentry     00004
__pmaintext                                    maintext     002C3
__pnvBANK1                                     nvBANK1      000C5
__pstringtext1                                 stringtext1  00377
__pstringtext2                                 stringtext2  004F2
__pstringtext3                                 stringtext3  004F3
__pstringtext4                                 stringtext4  004F4
__pstringtext5                                 stringtext5  004F5
__ptext1                                       text1        0049E
__ptext10                                      text10       004C0
__ptext11                                      text11       00480
__ptext12                                      text12       004A6
__ptext13                                      text13       00258
__ptext14                                      text14       0048C
__ptext15                                      text15       00495
__ptext16                                      text16       001D9
__ptext17                                      text17       004C6
__ptext18                                      text18       004CC
__ptext19                                      text19       004D2
__ptext2                                       text2        002EE
__ptext20                                      text20       004D8
__ptext21                                      text21       004DE
__ptext22                                      text22       003B1
__ptext24                                      text24       00177
__ptext25                                      text25       00290
__ptext26                                      text26       000E7
__ptext27                                      text27       003C9
__ptext28                                      text28       00431
__ptext29                                      text29       004F6
__ptext3                                       text3        00453
__ptext30                                      text30       003E0
__ptext31                                      text31       00442
__ptext32                                      text32       004F7
__ptext33                                      text33       004E4
__ptext34                                      text34       00471
__ptext35                                      text35       004F8
__ptext36                                      text36       0040C
__ptext37                                      text37       00313
__ptext38                                      text38       0021E
__ptext39                                      text39       004E9
__ptext4                                       text4        00335
__ptext40                                      text40       004F9
__ptext41                                      text41       004ED
__ptext42                                      text42       00397
__ptext43                                      text43       0041F
__ptext5                                       text5        004B4
__ptext6                                       text6        00462
__ptext7                                       text7        00356
__ptext8                                       text8        004BA
__ptext9                                       text9        003F7
__size_of_ADCC_GetSingleConversion             (abs)        00000
__size_of_ADCC_Initialize                      (abs)        00000
__size_of_EUSART_DefaultErrorHandler           (abs)        00000
__size_of_EUSART_DefaultFramingErrorHandler    (abs)        00000
__size_of_EUSART_DefaultOverrunErrorHandler    (abs)        00000
__size_of_EUSART_Initialize                    (abs)        00000
__size_of_EUSART_Receive_ISR                   (abs)        00000
__size_of_EUSART_RxDataHandler                 (abs)        00000
__size_of_EUSART_SetErrorHandler               (abs)        00000
__size_of_EUSART_SetFramingErrorHandler        (abs)        00000
__size_of_EUSART_SetOverrunErrorHandler        (abs)        00000
__size_of_EUSART_SetRxInterruptHandler         (abs)        00000
__size_of_EUSART_SetTxInterruptHandler         (abs)        00000
__size_of_EUSART_Transmit_ISR                  (abs)        00000
__size_of_I2C1_Initialize                      (abs)        00000
__size_of_INTERRUPT_InterruptManager           (abs)        00000
__size_of_OSCILLATOR_Initialize                (abs)        00000
__size_of_PIN_MANAGER_Initialize               (abs)        00000
__size_of_PMD_Initialize                       (abs)        00000
__size_of_PWM5_Initialize                      (abs)        00000
__size_of_PWM5_LoadDutyValue                   (abs)        00000
__size_of_SYSTEM_Initialize                    (abs)        00000
__size_of_TMR0_DefaultInterruptHandler         (abs)        00000
__size_of_TMR0_ISR                             (abs)        00000
__size_of_TMR0_Initialize                      (abs)        00000
__size_of_TMR0_ReadTimer                       (abs)        00000
__size_of_TMR0_SetInterruptHandler             (abs)        00000
__size_of_TMR0_WriteTimer                      (abs)        00000
__size_of_TMR1_DefaultInterruptHandler         (abs)        00000
__size_of_TMR1_ISR                             (abs)        00000
__size_of_TMR1_Initialize                      (abs)        00000
__size_of_TMR1_SetInterruptHandler             (abs)        00000
__size_of_TMR1_WriteTimer                      (abs)        00000
__size_of_TMR2_Initialize                      (abs)        00000
__size_of_TMR3_DefaultInterruptHandler         (abs)        00000
__size_of_TMR3_ISR                             (abs)        00000
__size_of_TMR3_Initialize                      (abs)        00000
__size_of_TMR3_SetInterruptHandler             (abs)        00000
__size_of_TMR3_WriteTimer                      (abs)        00000
__size_of_TMR4_Initialize                      (abs)        00000
__size_of___aldiv                              (abs)        00000
__size_of___lmul                               (abs)        00000
__size_of_main                                 (abs)        00000
__size_of_map                                  (abs)        00000
_contRTCC                                      bssBANK0     0006E
_eusartRxBuffer                                bssBANK0     0005A
_eusartRxCount                                 bssBANK1     000C0
_eusartRxHead                                  bssBANK1     000C2
_eusartRxLastError                             bssBANK1     000BF
_eusartRxStatusBuffer                          bssBANK0     00052
_eusartRxTail                                  bssBANK1     000C1
_eusartTxBuffer                                bssBANK0     00062
_eusartTxBufferRemaining                       nvBANK1      000D9
_eusartTxHead                                  bssBANK1     000C4
_eusartTxTail                                  bssBANK1     000C3
_flagRTCC                                      bssBANK1     000BE
_flagSERVO1                                    bssBANK1     000BD
_i2c1_fsmStateTable                            stringtext1  00377
_main                                          maintext     002C3
_map                                           text24       00177
_rd1RegCompleteHandler                         (abs)        00000
_rd2RegCompleteHandler                         (abs)        00000
_rdBlkRegCompleteHandler                       (abs)        00000
_tSERVO1                                       dataBANK1    000E0
_timer1ReloadVal                               nvBANK1      000CB
_timer3ReloadVal                               nvBANK1      000C7
_wr1RegCompleteHandler                         (abs)        00000
_wr2RegCompleteHandler                         (abs)        00000
_x                                             bssBANK0     0006C
btemp                                          (abs)        0007E
clear_ram0                                     clrtext      004AE
end_of_initialization                          cinit        000E3
int$flags                                      (abs)        0007E
intlevel0                                      functab      00000
intlevel1                                      functab      00000
intlevel2                                      functab      00000
intlevel3                                      functab      00000
intlevel4                                      functab      00000
intlevel5                                      functab      00000
main@valTIMER0                                 cstackBANK1  000DF
main@x                                         cstackBANK1  000DE
map@in_max                                     cstackBANK0  00036
map@in_min                                     cstackBANK0  00032
map@out_max                                    cstackBANK0  0003E
map@out_min                                    cstackBANK0  0003A
map@x                                          cstackBANK0  0002E
reset_vec                                      reset_vec    00000
start                                          init         000CC
start_initialization                           cinit        000CE
wtemp0                                         (abs)        0007E


MODULE INFORMATION

Module		Function		Class		Link	Load	Size
C:\Program Files\Microchip\xc8\v2.32\pic\sources\c99\common\aldiv.c
		___aldiv       		CODE           	00E7	0000	144

C:\Program Files\Microchip\xc8\v2.32\pic\sources\c99\common\aldiv.c estimated size: 144

mcc_generated_files/tmr4.c
		_TMR4_Initialize		CODE           	0453	0000	15

mcc_generated_files/tmr4.c estimated size: 15

mcc_generated_files/i2c1_master.c
		_I2C1_Initialize		CODE           	0495	0000	9

mcc_generated_files/i2c1_master.c estimated size: 9

mcc_generated_files/tmr2.c
		_TMR2_Initialize		CODE           	0462	0000	15

mcc_generated_files/tmr2.c estimated size: 15

mcc_generated_files/interrupt_manager.c
		_map           		CODE           	0177	0000	98
		_INTERRUPT_InterruptManager		CODE           	0004	0000	200

mcc_generated_files/interrupt_manager.c estimated size: 298

mcc_generated_files/tmr0.c
		_TMR0_SetInterruptHandler		CODE           	04C0	0000	6
		_TMR0_DefaultInterruptHandler		CODE           	04F8	0000	1
		_TMR0_WriteTimer		CODE           	04E4	0000	5
		_TMR0_ReadTimer		CODE           	049E	0000	8
		_TMR0_ISR      		CODE           	0471	0000	15
		_TMR0_Initialize		CODE           	03F7	0000	21

mcc_generated_files/tmr0.c estimated size: 56

mcc_generated_files/pin_manager.c
		_PIN_MANAGER_Initialize		CODE           	0258	0000	56

mcc_generated_files/pin_manager.c estimated size: 56

shared
		_ticks_PULSO_MEDIO		STRCODE        	0000	0000	0
		__initialization		CODE           	00CE	0000	21
		_i2c1_fsmStateTable		STRCODE        	0377	0000	32
		_AJUSTE_FINO_DE_RTCC		STRCODE        	0000	0000	0
		_ticks_PULSO_MINIMO		STRCODE        	0000	0000	0
		_ticks_PULSO_MAXIMO		STRCODE        	0000	0000	0

shared estimated size: 53

mcc_generated_files/pwm5.c
		_PWM5_LoadDutyValue		CODE           	040C	0000	19
		_PWM5_Initialize		CODE           	0480	0000	12

mcc_generated_files/pwm5.c estimated size: 31

mcc_generated_files/mcc.c
		_PMD_Initialize		CODE           	04A6	0000	8
		_OSCILLATOR_Initialize		CODE           	048C	0000	9
		_SYSTEM_Initialize		CODE           	02EE	0000	37

mcc_generated_files/mcc.c estimated size: 54

mcc_generated_files/tmr3.c
		_TMR3_ISR      		CODE           	03C9	0000	23
		_TMR3_Initialize		CODE           	0335	0000	33
		_TMR3_SetInterruptHandler		CODE           	04B4	0000	6
		_TMR3_DefaultInterruptHandler		CODE           	04F6	0000	1
		_TMR3_WriteTimer		CODE           	0431	0000	17

mcc_generated_files/tmr3.c estimated size: 80

mcc_generated_files/tmr1.c
		_TMR1_Initialize		CODE           	0356	0000	33
		_TMR1_SetInterruptHandler		CODE           	04BA	0000	6
		_TMR1_DefaultInterruptHandler		CODE           	04F7	0000	1
		_TMR1_WriteTimer		CODE           	0442	0000	17
		_TMR1_ISR      		CODE           	03E0	0000	23

mcc_generated_files/tmr1.c estimated size: 80

C:\Program Files\Microchip\xc8\v2.32\pic\sources\c99\common\Umul32.c
		___lmul        		CODE           	0290	0000	51

C:\Program Files\Microchip\xc8\v2.32\pic\sources\c99\common\Umul32.c estimated size: 51

mcc_generated_files/eusart.c
		_EUSART_SetRxInterruptHandler		CODE           	04CC	0000	6
		_EUSART_SetTxInterruptHandler		CODE           	04C6	0000	6
		_EUSART_DefaultOverrunErrorHandler		CODE           	04E9	0000	4
		_EUSART_DefaultErrorHandler		CODE           	04ED	0000	4
		_EUSART_Transmit_ISR		CODE           	0313	0000	34
		_EUSART_Initialize		CODE           	01D9	0000	69
		_EUSART_SetFramingErrorHandler		CODE           	04D8	0000	6
		_EUSART_SetErrorHandler		CODE           	04DE	0000	6
		_EUSART_SetOverrunErrorHandler		CODE           	04D2	0000	6
		_EUSART_Receive_ISR		CODE           	021E	0000	58
		_EUSART_RxDataHandler		CODE           	0397	0000	26
		_EUSART_DefaultFramingErrorHandler		CODE           	04F9	0000	1

mcc_generated_files/eusart.c estimated size: 226

mcc_generated_files/adcc.c
		_ADCC_GetSingleConversion		CODE           	041F	0000	18
		_ADCC_Initialize		CODE           	03B1	0000	24

mcc_generated_files/adcc.c estimated size: 42

main.c
		_main          		CODE           	02C3	0000	43

main.c estimated size: 43

