V3 3
FL "D:/OneDrive - Soluciones Marva/Xilinx/sep2021/HolaMundo/HolaMundo.vhd" 2021/10/26.09:47:19 P.20131013
EN work/HolaMundo 1643594653 \
      FL "D:/OneDrive - Soluciones Marva/Xilinx/sep2021/HolaMundo/HolaMundo.vhd" \
      PB ieee/std_logic_1164 1381692176
AR work/HolaMundo/Orlando 1643594654 \
      FL "D:/OneDrive - Soluciones Marva/Xilinx/sep2021/HolaMundo/HolaMundo.vhd" \
      EN work/HolaMundo 1643594653
