AR mux4a1_estilo_algoritmico algoritmica "D:/OneDrive - Soluciones Marva/Xilinx/sep2021/mux4a1_Estilo_algoritmico/mux4a1_Estilo_algoritmico.vhd" sub00/vhpl01 1643901179
EN mux4a1_estilo_algoritmico NULL "D:/OneDrive - Soluciones Marva/Xilinx/sep2021/mux4a1_Estilo_algoritmico/mux4a1_Estilo_algoritmico.vhd" sub00/vhpl00 1643901178
