V3 3
FL "D:/OneDrive - Soluciones Marva/Xilinx/sep2021/mux4a1_Estilo_algoritmico/mux4a1_Estilo_algoritmico.vhd" 2022/02/03.09:12:52 P.20131013
EN work/mux4a1_Estilo_algoritmico 1643901178 \
      FL "D:/OneDrive - Soluciones Marva/Xilinx/sep2021/mux4a1_Estilo_algoritmico/mux4a1_Estilo_algoritmico.vhd" \
      PB ieee/std_logic_1164 1381692176 PB ieee/std_logic_arith 1381692177 \
      PB ieee/STD_LOGIC_UNSIGNED 1381692179
AR work/mux4a1_Estilo_algoritmico/algoritmica 1643901179 \
      FL "D:/OneDrive - Soluciones Marva/Xilinx/sep2021/mux4a1_Estilo_algoritmico/mux4a1_Estilo_algoritmico.vhd" \
      EN work/mux4a1_Estilo_algoritmico 1643901178
